Archive member included to satisfy reference by file (symbol)

/usr/lib/gcc/arm-none-eabi/10.3.1/thumb/v7e-m/nofp/libgcc.a(_arm_muldf3.o)
                              CMakeFiles/Position_PID.elf.dir/Core/Src/main.c.obj (__aeabi_dmul)
/usr/lib/gcc/arm-none-eabi/10.3.1/thumb/v7e-m/nofp/libgcc.a(_arm_addsubdf3.o)
                              CMakeFiles/Position_PID.elf.dir/Core/Src/main.c.obj (__aeabi_dsub)
/usr/lib/gcc/arm-none-eabi/10.3.1/thumb/v7e-m/nofp/libgcc.a(_arm_muldivdf3.o)
                              CMakeFiles/Position_PID.elf.dir/Core/Src/main.c.obj (__aeabi_ddiv)
/usr/lib/gcc/arm-none-eabi/10.3.1/thumb/v7e-m/nofp/libgcc.a(_arm_cmpdf2.o)
                              CMakeFiles/Position_PID.elf.dir/Core/Src/main.c.obj (__aeabi_dcmplt)
/usr/lib/gcc/arm-none-eabi/10.3.1/thumb/v7e-m/nofp/libgcc.a(_arm_fixdfsi.o)
                              CMakeFiles/Position_PID.elf.dir/Core/Src/main.c.obj (__aeabi_d2iz)
/usr/lib/gcc/arm-none-eabi/10.3.1/thumb/v7e-m/nofp/libgcc.a(_arm_fixunsdfsi.o)
                              CMakeFiles/Position_PID.elf.dir/Core/Src/main.c.obj (__aeabi_d2uiz)
/usr/lib/gcc/arm-none-eabi/10.3.1/thumb/v7e-m/nofp/libgcc.a(_aeabi_uldivmod.o)
                              CMakeFiles/Position_PID.elf.dir/Drivers/STM32F4xx_HAL_Driver/Src/stm32f4xx_hal_rcc.c.obj (__aeabi_uldivmod)
/usr/lib/gcc/arm-none-eabi/10.3.1/thumb/v7e-m/nofp/libgcc.a(_udivmoddi4.o)
                              /usr/lib/gcc/arm-none-eabi/10.3.1/thumb/v7e-m/nofp/libgcc.a(_aeabi_uldivmod.o) (__udivmoddi4)
/usr/lib/gcc/arm-none-eabi/10.3.1/thumb/v7e-m/nofp/libgcc.a(_dvmd_tls.o)
                              /usr/lib/gcc/arm-none-eabi/10.3.1/thumb/v7e-m/nofp/libgcc.a(_aeabi_uldivmod.o) (__aeabi_ldiv0)
/usr/lib/gcc/arm-none-eabi/10.3.1/../../../arm-none-eabi/lib/thumb/v7e-m/nofp/libg.a(lib_a-atexit.o)
                              /usr/lib/gcc/arm-none-eabi/10.3.1/../../../arm-none-eabi/lib/thumb/v7e-m/nofp/crt0.o (atexit)
/usr/lib/gcc/arm-none-eabi/10.3.1/../../../arm-none-eabi/lib/thumb/v7e-m/nofp/libg.a(lib_a-errno.o)
                              CMakeFiles/Position_PID.elf.dir/Core/Src/syscalls.c.obj (__errno)
/usr/lib/gcc/arm-none-eabi/10.3.1/../../../arm-none-eabi/lib/thumb/v7e-m/nofp/libg.a(lib_a-exit.o)
                              /usr/lib/gcc/arm-none-eabi/10.3.1/../../../arm-none-eabi/lib/thumb/v7e-m/nofp/crt0.o (exit)
/usr/lib/gcc/arm-none-eabi/10.3.1/../../../arm-none-eabi/lib/thumb/v7e-m/nofp/libg.a(lib_a-fini.o)
                              /usr/lib/gcc/arm-none-eabi/10.3.1/../../../arm-none-eabi/lib/thumb/v7e-m/nofp/crt0.o (__libc_fini_array)
/usr/lib/gcc/arm-none-eabi/10.3.1/../../../arm-none-eabi/lib/thumb/v7e-m/nofp/libg.a(lib_a-impure.o)
                              /usr/lib/gcc/arm-none-eabi/10.3.1/../../../arm-none-eabi/lib/thumb/v7e-m/nofp/libg.a(lib_a-exit.o) (_global_impure_ptr)
/usr/lib/gcc/arm-none-eabi/10.3.1/../../../arm-none-eabi/lib/thumb/v7e-m/nofp/libg.a(lib_a-init.o)
                              /usr/lib/gcc/arm-none-eabi/10.3.1/../../../arm-none-eabi/lib/thumb/v7e-m/nofp/crt0.o (__libc_init_array)
/usr/lib/gcc/arm-none-eabi/10.3.1/../../../arm-none-eabi/lib/thumb/v7e-m/nofp/libg.a(lib_a-memset.o)
                              /usr/lib/gcc/arm-none-eabi/10.3.1/../../../arm-none-eabi/lib/thumb/v7e-m/nofp/crt0.o (memset)
/usr/lib/gcc/arm-none-eabi/10.3.1/../../../arm-none-eabi/lib/thumb/v7e-m/nofp/libg.a(lib_a-printf.o)
                              CMakeFiles/Position_PID.elf.dir/Core/Src/main.c.obj (printf)
/usr/lib/gcc/arm-none-eabi/10.3.1/../../../arm-none-eabi/lib/thumb/v7e-m/nofp/libg.a(lib_a-vfprintf.o)
                              /usr/lib/gcc/arm-none-eabi/10.3.1/../../../arm-none-eabi/lib/thumb/v7e-m/nofp/libg.a(lib_a-printf.o) (_vfprintf_r)
/usr/lib/gcc/arm-none-eabi/10.3.1/../../../arm-none-eabi/lib/thumb/v7e-m/nofp/libg.a(lib_a-wsetup.o)
                              /usr/lib/gcc/arm-none-eabi/10.3.1/../../../arm-none-eabi/lib/thumb/v7e-m/nofp/libg.a(lib_a-vfprintf.o) (__swsetup_r)
/usr/lib/gcc/arm-none-eabi/10.3.1/../../../arm-none-eabi/lib/thumb/v7e-m/nofp/libg.a(lib_a-__atexit.o)
                              /usr/lib/gcc/arm-none-eabi/10.3.1/../../../arm-none-eabi/lib/thumb/v7e-m/nofp/libg.a(lib_a-atexit.o) (__register_exitproc)
/usr/lib/gcc/arm-none-eabi/10.3.1/../../../arm-none-eabi/lib/thumb/v7e-m/nofp/libg.a(lib_a-__call_atexit.o)
                              /usr/lib/gcc/arm-none-eabi/10.3.1/../../../arm-none-eabi/lib/thumb/v7e-m/nofp/libg.a(lib_a-exit.o) (__call_exitprocs)
/usr/lib/gcc/arm-none-eabi/10.3.1/../../../arm-none-eabi/lib/thumb/v7e-m/nofp/libg.a(lib_a-dtoa.o)
                              /usr/lib/gcc/arm-none-eabi/10.3.1/../../../arm-none-eabi/lib/thumb/v7e-m/nofp/libg.a(lib_a-vfprintf.o) (_dtoa_r)
/usr/lib/gcc/arm-none-eabi/10.3.1/../../../arm-none-eabi/lib/thumb/v7e-m/nofp/libg.a(lib_a-fflush.o)
                              /usr/lib/gcc/arm-none-eabi/10.3.1/../../../arm-none-eabi/lib/thumb/v7e-m/nofp/libg.a(lib_a-vfprintf.o) (_fflush_r)
[...]
Memory Configuration

Name             Origin             Length             Attributes
RAM              0x0000000020000000 0x0000000000010000 xrw
FLASH            0x0000000008000000 0x0000000000040000 xr
*default*        0x0000000000000000 0xffffffffffffffff

Linker script and memory map

LOAD /usr/lib/gcc/arm-none-eabi/10.3.1/thumb/v7e-m/nofp/crti.o
LOAD /usr/lib/gcc/arm-none-eabi/10.3.1/thumb/v7e-m/nofp/crtbegin.o
LOAD /usr/lib/gcc/arm-none-eabi/10.3.1/../../../arm-none-eabi/lib/thumb/v7e-m/nofp/crt0.o
LOAD CMakeFiles/Position_PID.elf.dir/Core/Src/gpio.c.obj
LOAD CMakeFiles/Position_PID.elf.dir/Core/Src/main.c.obj
LOAD CMakeFiles/Position_PID.elf.dir/Core/Src/stm32f4xx_hal_msp.c.obj
LOAD CMakeFiles/Position_PID.elf.dir/Core/Src/stm32f4xx_it.c.obj
LOAD CMakeFiles/Position_PID.elf.dir/Core/Src/syscalls.c.obj
LOAD CMakeFiles/Position_PID.elf.dir/Core/Src/sysmem.c.obj
LOAD CMakeFiles/Position_PID.elf.dir/Core/Src/system_stm32f4xx.c.obj
LOAD CMakeFiles/Position_PID.elf.dir/Core/Src/tim.c.obj
LOAD CMakeFiles/Position_PID.elf.dir/Core/Src/usart.c.obj
LOAD CMakeFiles/Position_PID.elf.dir/Core/Startup/startup_stm32f401ccux.s.obj
LOAD CMakeFiles/Position_PID.elf.dir/Drivers/STM32F4xx_HAL_Driver/Src/stm32f4xx_hal.c.obj
LOAD CMakeFiles/Position_PID.elf.dir/Drivers/STM32F4xx_HAL_Driver/Src/stm32f4xx_hal_cortex.c.obj
LOAD CMakeFiles/Position_PID.elf.dir/Drivers/STM32F4xx_HAL_Driver/Src/stm32f4xx_hal_dma.c.obj
LOAD CMakeFiles/Position_PID.elf.dir/Drivers/STM32F4xx_HAL_Driver/Src/stm32f4xx_hal_dma_ex.c.obj
LOAD CMakeFiles/Position_PID.elf.dir/Drivers/STM32F4xx_HAL_Driver/Src/stm32f4xx_hal_exti.c.obj
LOAD CMakeFiles/Position_PID.elf.dir/Drivers/STM32F4xx_HAL_Driver/Src/stm32f4xx_hal_flash.c.obj
LOAD CMakeFiles/Position_PID.elf.dir/Drivers/STM32F4xx_HAL_Driver/Src/stm32f4xx_hal_flash_ex.c.obj
LOAD CMakeFiles/Position_PID.elf.dir/Drivers/STM32F4xx_HAL_Driver/Src/stm32f4xx_hal_flash_ramfunc.c.obj
LOAD CMakeFiles/Position_PID.elf.dir/Drivers/STM32F4xx_HAL_Driver/Src/stm32f4xx_hal_gpio.c.obj
LOAD CMakeFiles/Position_PID.elf.dir/Drivers/STM32F4xx_HAL_Driver/Src/stm32f4xx_hal_pwr.c.obj
LOAD CMakeFiles/Position_PID.elf.dir/Drivers/STM32F4xx_HAL_Driver/Src/stm32f4xx_hal_pwr_ex.c.obj
LOAD CMakeFiles/Position_PID.elf.dir/Drivers/STM32F4xx_HAL_Driver/Src/stm32f4xx_hal_rcc.c.obj
LOAD CMakeFiles/Position_PID.elf.dir/Drivers/STM32F4xx_HAL_Driver/Src/stm32f4xx_hal_rcc_ex.c.obj
LOAD CMakeFiles/Position_PID.elf.dir/Drivers/STM32F4xx_HAL_Driver/Src/stm32f4xx_hal_tim.c.obj
LOAD CMakeFiles/Position_PID.elf.dir/Drivers/STM32F4xx_HAL_Driver/Src/stm32f4xx_hal_tim_ex.c.obj
LOAD CMakeFiles/Position_PID.elf.dir/Drivers/STM32F4xx_HAL_Driver/Src/stm32f4xx_hal_uart.c.obj
START GROUP
LOAD /usr/lib/gcc/arm-none-eabi/10.3.1/thumb/v7e-m/nofp/libgcc.a
LOAD /usr/lib/gcc/arm-none-eabi/10.3.1/../../../arm-none-eabi/lib/thumb/v7e-m/nofp/libg.a
LOAD /usr/lib/gcc/arm-none-eabi/10.3.1/../../../arm-none-eabi/lib/thumb/v7e-m/nofp/libc.a
END GROUP
LOAD /usr/lib/gcc/arm-none-eabi/10.3.1/thumb/v7e-m/nofp/crtend.o
LOAD /usr/lib/gcc/arm-none-eabi/10.3.1/thumb/v7e-m/nofp/crtn.o
                0x0000000020010000                _estack = (ORIGIN (RAM) + LENGTH (RAM))
                0x0000000000000200                _Min_Heap_Size = 0x200
                0x0000000000000400                _Min_Stack_Size = 0x400

.isr_vector     0x0000000008000000      0x194
                0x0000000008000000                . = ALIGN (0x4)
 *(.isr_vector)
 .isr_vector    0x0000000008000000      0x194 CMakeFiles/Position_PID.elf.dir/Core/Startup/startup_stm32f401ccux.s.obj
                0x0000000008000000                g_pfnVectors
                0x0000000008000194                . = ALIGN (0x4)

.text           0x00000000080001c0     0x8e9c
                0x00000000080001c0                . = ALIGN (0x4)
 *(.text)
 .text          0x00000000080001c0       0x88 /usr/lib/gcc/arm-none-eabi/10.3.1/thumb/v7e-m/nofp/crtbegin.o
 .text          0x0000000008000248      0x378 /usr/lib/gcc/arm-none-eabi/10.3.1/thumb/v7e-m/nofp/libgcc.a(_arm_addsubdf3.o)
                0x0000000008000248                __aeabi_drsub
                0x0000000008000250                __aeabi_dsub
                0x0000000008000250                __subdf3
                0x0000000008000254                __adddf3
                0x0000000008000254                __aeabi_dadd
                0x00000000080004cc                __aeabi_ui2d
                0x00000000080004cc                __floatunsidf
                0x00000000080004ec                __floatsidf
                0x00000000080004ec                __aeabi_i2d
                0x0000000008000510                __extendsfdf2
                0x0000000008000510                __aeabi_f2d
                0x0000000008000554                __aeabi_ul2d
                0x0000000008000554                __floatundidf
                0x0000000008000564                __floatdidf
                0x0000000008000564                __aeabi_l2d
 .text          0x00000000080005c0      0x424 /usr/lib/gcc/arm-none-eabi/10.3.1/thumb/v7e-m/nofp/libgcc.a(_arm_muldivdf3.o)
                0x00000000080005c0                __aeabi_dmul
                0x00000000080005c0                __muldf3
                0x0000000008000814                __aeabi_ddiv
                0x0000000008000814                __divdf3
 .text          0x00000000080009e4      0x110 /usr/lib/gcc/arm-none-eabi/10.3.1/thumb/v7e-m/nofp/libgcc.a(_arm_cmpdf2.o)
                0x00000000080009e4                __gtdf2
                0x00000000080009e4                __gedf2
                0x00000000080009ec                __ltdf2
                0x00000000080009ec                __ledf2
                0x00000000080009f4                __cmpdf2
                0x00000000080009f4                __eqdf2
                0x00000000080009f4                __nedf2
                0x0000000008000a70                __aeabi_cdrcmple
                0x0000000008000a80                __aeabi_cdcmple
                0x0000000008000a80                __aeabi_cdcmpeq
                0x0000000008000a90                __aeabi_dcmpeq
                0x0000000008000aa4                __aeabi_dcmplt
                0x0000000008000ab8                __aeabi_dcmple
                0x0000000008000acc                __aeabi_dcmpge
                0x0000000008000ae0                __aeabi_dcmpgt
 .text          0x0000000008000af4       0x50 /usr/lib/gcc/arm-none-eabi/10.3.1/thumb/v7e-m/nofp/libgcc.a(_arm_fixdfsi.o)
                0x0000000008000af4                __fixdfsi
                0x0000000008000af4                __aeabi_d2iz
 .text          0x0000000008000b44       0x40 /usr/lib/gcc/arm-none-eabi/10.3.1/thumb/v7e-m/nofp/libgcc.a(_arm_fixunsdfsi.o)
                0x0000000008000b44                __fixunsdfsi
                0x0000000008000b44                __aeabi_d2uiz
 .text          0x0000000008000b84       0x30 /usr/lib/gcc/arm-none-eabi/10.3.1/thumb/v7e-m/nofp/libgcc.a(_aeabi_uldivmod.o)
                0x0000000008000b84                __aeabi_uldivmod
 .text          0x0000000008000bb4      0x2d0 /usr/lib/gcc/arm-none-eabi/10.3.1/thumb/v7e-m/nofp/libgcc.a(_udivmoddi4.o)
                0x0000000008000bb4                __udivmoddi4
 .text          0x0000000008000e84        0x4 /usr/lib/gcc/arm-none-eabi/10.3.1/thumb/v7e-m/nofp/libgcc.a(_dvmd_tls.o)
                0x0000000008000e84                __aeabi_ldiv0
                0x0000000008000e84                __aeabi_idiv0
 .text          0x0000000008000e88        0xc /usr/lib/gcc/arm-none-eabi/10.3.1/../../../arm-none-eabi/lib/thumb/v7e-m/nofp/libg.a(lib_a-atexit.o)
                0x0000000008000e88                atexit
 .text          0x0000000008000e94        0xc /usr/lib/gcc/arm-none-eabi/10.3.1/../../../arm-none-eabi/lib/thumb/v7e-m/nofp/libg.a(lib_a-errno.o)
                0x0000000008000e94                __errno
 .text          0x0000000008000ea0       0x2c /usr/lib/gcc/arm-none-eabi/10.3.1/../../../arm-none-eabi/lib/thumb/v7e-m/nofp/libg.a(lib_a-fini.o)
                0x0000000008000ea0                __libc_fini_array
 .text          0x0000000008000ecc       0x48 /usr/lib/gcc/arm-none-eabi/10.3.1/../../../arm-none-eabi/lib/thumb/v7e-m/nofp/libg.a(lib_a-init.o)
                0x0000000008000ecc                __libc_init_array
 .text          0x0000000008000f14       0xa4 /usr/lib/gcc/arm-none-eabi/10.3.1/../../../arm-none-eabi/lib/thumb/v7e-m/nofp/libg.a(lib_a-memset.o)
                0x0000000008000f14                memset
 .text          0x0000000008000fb8       0x48 /usr/lib/gcc/arm-none-eabi/10.3.1/../../../arm-none-eabi/lib/thumb/v7e-m/nofp/libg.a(lib_a-printf.o)
                0x0000000008000fb8                _printf_r
                0x0000000008000fd8                printf
 .text          0x0000000008001000     0x1524 /usr/lib/gcc/arm-none-eabi/10.3.1/../../../arm-none-eabi/lib/thumb/v7e-m/nofp/libg.a(lib_a-vfprintf.o)
                0x0000000008001000                _vfprintf_r
                0x00000000080024a0                vfprintf
 .text          0x0000000008002524       0xd4 /usr/lib/gcc/arm-none-eabi/10.3.1/../../../arm-none-eabi/lib/thumb/v7e-m/nofp/libg.a(lib_a-wsetup.o)
                0x0000000008002524                __swsetup_r
 .text          0x00000000080025f8       0x68 /usr/lib/gcc/arm-none-eabi/10.3.1/../../../arm-none-eabi/lib/thumb/v7e-m/nofp/libg.a(lib_a-__atexit.o)
                0x00000000080025f8                __register_exitproc
 .text          0x0000000008002660      0xfe4 /usr/lib/gcc/arm-none-eabi/10.3.1/../../../arm-none-eabi/lib/thumb/v7e-m/nofp/libg.a(lib_a-dtoa.o)
                0x0000000008002784                _dtoa_r
 .text          0x0000000008003644      0x19c /usr/lib/gcc/arm-none-eabi/10.3.1/../../../arm-none-eabi/lib/thumb/v7e-m/nofp/libg.a(lib_a-fflush.o)
                0x0000000008003644                __sflush_r
                0x0000000008003764                _fflush_r
                0x0000000008003790                fflush
 .text          0x00000000080037e0      0x218 /usr/lib/gcc/arm-none-eabi/10.3.1/../../../arm-none-eabi/lib/thumb/v7e-m/nofp/libg.a(lib_a-findfp.o)
                0x00000000080037e4                _cleanup_r
                0x00000000080038cc                __sfmoreglue
                0x00000000080038fc                __sfp
                0x00000000080039a4                _cleanup
                0x00000000080039b8                __sinit
                0x00000000080039c0                __sfp_lock_acquire
                0x00000000080039c4                __sfp_lock_release
                0x00000000080039c8                __sinit_lock_acquire
                0x00000000080039cc                __sinit_lock_release
                0x00000000080039d0                __fp_lock_all
                0x00000000080039e4                __fp_unlock_all
 .text          0x00000000080039f8      0x2ac /usr/lib/gcc/arm-none-eabi/10.3.1/../../../arm-none-eabi/lib/thumb/v7e-m/nofp/libg.a(lib_a-freer.o)
                0x00000000080039f8                _malloc_trim_r
                0x0000000008003a98                _free_r
 .text          0x0000000008003ca4       0x88 /usr/lib/gcc/arm-none-eabi/10.3.1/../../../arm-none-eabi/lib/thumb/v7e-m/nofp/libg.a(lib_a-fwalk.o)
                0x0000000008003ca4                _fwalk
                0x0000000008003ce4                _fwalk_reent
 .text          0x0000000008003d2c       0x14 /usr/lib/gcc/arm-none-eabi/10.3.1/../../../arm-none-eabi/lib/thumb/v7e-m/nofp/libg.a(lib_a-localeconv.o)
                0x0000000008003d2c                __localeconv_l
                0x0000000008003d30                _localeconv_r
                0x0000000008003d38                localeconv
 .text          0x0000000008003d40      0x140 /usr/lib/gcc/arm-none-eabi/10.3.1/../../../arm-none-eabi/lib/thumb/v7e-m/nofp/libg.a(lib_a-makebuf.o)
                0x0000000008003d40                __smakebuf_r
                0x0000000008003e20                __swhatbuf_r
 .text          0x0000000008003e80      0x554 /usr/lib/gcc/arm-none-eabi/10.3.1/../../../arm-none-eabi/lib/thumb/v7e-m/nofp/libg.a(lib_a-mallocr.o)
                0x0000000008003e80                _malloc_r
 *fill*         0x00000000080043d4        0xc 
 .text          0x00000000080043e0       0xa0 /usr/lib/gcc/arm-none-eabi/10.3.1/../../../arm-none-eabi/lib/thumb/v7e-m/nofp/libg.a(lib_a-memchr.o)
                0x00000000080043e0                memchr
 .text          0x0000000008004480      0x134 /usr/lib/gcc/arm-none-eabi/10.3.1/../../../arm-none-eabi/lib/thumb/v7e-m/nofp/libg.a(lib_a-memcpy.o)
                0x0000000008004480                memcpy
 .text          0x00000000080045b4        0x8 /usr/lib/gcc/arm-none-eabi/10.3.1/../../../arm-none-eabi/lib/thumb/v7e-m/nofp/libg.a(lib_a-mlock.o)
                0x00000000080045b4                __malloc_lock
                0x00000000080045b8                __malloc_unlock
 .text          0x00000000080045bc      0xa6c /usr/lib/gcc/arm-none-eabi/10.3.1/../../../arm-none-eabi/lib/thumb/v7e-m/nofp/libg.a(lib_a-mprec.o)
                0x00000000080045bc                _Balloc
                0x0000000008004608                _Bfree
                0x000000000800461c                __multadd
                0x00000000080046bc                __s2b
                0x0000000008004770                __hi0bits
                0x00000000080047b0                __lo0bits
                0x000000000800480c                __i2b
                0x0000000008004868                __multiply
                0x00000000080049c4                __pow5mult
                0x0000000008004a84                __lshift
                0x0000000008004b74                __mcmp
                0x0000000008004bb4                __mdiff
                0x0000000008004d00                __ulp
                0x0000000008004d44                __b2d
                0x0000000008004e14                __d2b
                0x0000000008004ed8                __ratio
                0x0000000008004f34                _mprec_log10
                0x0000000008004f6c                __copybits
                0x0000000008004fc8                __any_on
 .text          0x0000000008005028       0x24 /usr/lib/gcc/arm-none-eabi/10.3.1/../../../arm-none-eabi/lib/thumb/v7e-m/nofp/libg.a(lib_a-sbrkr.o)
                0x0000000008005028                _sbrk_r
 .text          0x000000000800504c       0x90 /usr/lib/gcc/arm-none-eabi/10.3.1/../../../arm-none-eabi/lib/thumb/v7e-m/nofp/libg.a(lib_a-stdio.o)
                0x000000000800504c                __sread
                0x0000000008005070                __seofread
                0x0000000008005074                __swrite
                0x00000000080050b4                __sseek
                0x00000000080050d4                __sclose
 *fill*         0x00000000080050dc       0x24 
 .text          0x0000000008005100       0xdc /usr/lib/gcc/arm-none-eabi/10.3.1/../../../arm-none-eabi/lib/thumb/v7e-m/nofp/libg.a(lib_a-strlen.o)
                0x0000000008005100                strlen
 .text          0x00000000080051dc      0xd40 /usr/lib/gcc/arm-none-eabi/10.3.1/../../../arm-none-eabi/lib/thumb/v7e-m/nofp/libg.a(lib_a-vfiprintf.o)
                0x0000000008005254                __sprint_r
                0x0000000008005268                _vfiprintf_r
                0x0000000008005e98                vfiprintf
 .text          0x0000000008005f1c       0x2c /usr/lib/gcc/arm-none-eabi/10.3.1/../../../arm-none-eabi/lib/thumb/v7e-m/nofp/libg.a(lib_a-writer.o)
                0x0000000008005f1c                _write_r
 .text          0x0000000008005f48       0x4c /usr/lib/gcc/arm-none-eabi/10.3.1/../../../arm-none-eabi/lib/thumb/v7e-m/nofp/libg.a(lib_a-assert.o)
                0x0000000008005f48                __assert_func
                0x0000000008005f88                __assert
 .text          0x0000000008005f94       0x60 /usr/lib/gcc/arm-none-eabi/10.3.1/../../../arm-none-eabi/lib/thumb/v7e-m/nofp/libg.a(lib_a-callocr.o)
                0x0000000008005f94                _calloc_r
 .text          0x0000000008005ff4       0x24 /usr/lib/gcc/arm-none-eabi/10.3.1/../../../arm-none-eabi/lib/thumb/v7e-m/nofp/libg.a(lib_a-closer.o)
                0x0000000008005ff4                _close_r
 .text          0x0000000008006018       0xd4 /usr/lib/gcc/arm-none-eabi/10.3.1/../../../arm-none-eabi/lib/thumb/v7e-m/nofp/libg.a(lib_a-fclose.o)
                0x000000000800607c                _fclose_r
                0x00000000080060b0                fclose
 .text          0x00000000080060ec       0x44 /usr/lib/gcc/arm-none-eabi/10.3.1/../../../arm-none-eabi/lib/thumb/v7e-m/nofp/libg.a(lib_a-fiprintf.o)
                0x00000000080060ec                _fiprintf_r
                0x0000000008006108                fiprintf
 .text          0x0000000008006130      0x10c /usr/lib/gcc/arm-none-eabi/10.3.1/../../../arm-none-eabi/lib/thumb/v7e-m/nofp/libg.a(lib_a-fputwc.o)
                0x0000000008006130                __fputwc
                0x00000000080061d8                _fputwc_r
                0x00000000080061fc                fputwc
 .text          0x000000000800623c       0x2c /usr/lib/gcc/arm-none-eabi/10.3.1/../../../arm-none-eabi/lib/thumb/v7e-m/nofp/libg.a(lib_a-fstatr.o)
                0x000000000800623c                _fstat_r
 .text          0x0000000008006268      0x2e8 /usr/lib/gcc/arm-none-eabi/10.3.1/../../../arm-none-eabi/lib/thumb/v7e-m/nofp/libg.a(lib_a-fvwrite.o)
                0x0000000008006268                __sfvwrite_r
 .text          0x0000000008006550       0x24 /usr/lib/gcc/arm-none-eabi/10.3.1/../../../arm-none-eabi/lib/thumb/v7e-m/nofp/libg.a(lib_a-isattyr.o)
                0x0000000008006550                _isatty_r
 .text          0x0000000008006574       0x8c /usr/lib/gcc/arm-none-eabi/10.3.1/../../../arm-none-eabi/lib/thumb/v7e-m/nofp/libg.a(lib_a-locale.o)
                0x0000000008006574                _setlocale_r
                0x00000000080065b4                __locale_mb_cur_max
                0x00000000080065c0                setlocale
 .text          0x0000000008006600       0x2c /usr/lib/gcc/arm-none-eabi/10.3.1/../../../arm-none-eabi/lib/thumb/v7e-m/nofp/libg.a(lib_a-lseekr.o)
                0x0000000008006600                _lseek_r
 .text          0x000000000800662c       0x40 /usr/lib/gcc/arm-none-eabi/10.3.1/../../../arm-none-eabi/lib/thumb/v7e-m/nofp/libg.a(lib_a-mbtowc_r.o)
                0x000000000800662c                _mbtowc_r
                0x0000000008006640                __ascii_mbtowc
 .text          0x000000000800666c       0xf8 /usr/lib/gcc/arm-none-eabi/10.3.1/../../../arm-none-eabi/lib/thumb/v7e-m/nofp/libg.a(lib_a-memmove.o)
                0x000000000800666c                memmove
 .text          0x0000000008006764       0x2c /usr/lib/gcc/arm-none-eabi/10.3.1/../../../arm-none-eabi/lib/thumb/v7e-m/nofp/libg.a(lib_a-readr.o)
                0x0000000008006764                _read_r
 .text          0x0000000008006790      0x3d8 /usr/lib/gcc/arm-none-eabi/10.3.1/../../../arm-none-eabi/lib/thumb/v7e-m/nofp/libg.a(lib_a-reallocr.o)
                0x0000000008006790                _realloc_r
 *fill*         0x0000000008006b68       0x18 
 .text          0x0000000008006b80      0x2dc /usr/lib/gcc/arm-none-eabi/10.3.1/../../../arm-none-eabi/lib/thumb/v7e-m/nofp/libg.a(lib_a-strcmp.o)
                0x0000000008006b88                strcmp
 .text          0x0000000008006e5c       0xc8 /usr/lib/gcc/arm-none-eabi/10.3.1/../../../arm-none-eabi/lib/thumb/v7e-m/nofp/libg.a(lib_a-wbuf.o)
                0x0000000008006e5c                __swbuf_r
                0x0000000008006f0c                __swbuf
 .text          0x0000000008006f24       0x8c /usr/lib/gcc/arm-none-eabi/10.3.1/../../../arm-none-eabi/lib/thumb/v7e-m/nofp/libg.a(lib_a-wcrtomb.o)
                0x0000000008006f24                _wcrtomb_r
                0x0000000008006f60                wcrtomb
 .text          0x0000000008006fb0       0x30 /usr/lib/gcc/arm-none-eabi/10.3.1/../../../arm-none-eabi/lib/thumb/v7e-m/nofp/libg.a(lib_a-wctomb_r.o)
                0x0000000008006fb0                _wctomb_r
                0x0000000008006fc4                __ascii_wctomb
 .text          0x0000000008006fe0       0x10 /usr/lib/gcc/arm-none-eabi/10.3.1/../../../arm-none-eabi/lib/thumb/v7e-m/nofp/libg.a(lib_a-abort.o)
                0x0000000008006fe0                abort
 .text          0x0000000008006ff0      0x288 /usr/lib/gcc/arm-none-eabi/10.3.1/../../../arm-none-eabi/lib/thumb/v7e-m/nofp/libg.a(lib_a-signal.o)
                0x0000000008006ff0                _init_signal_r
                0x0000000008007020                _signal_r
                0x000000000800706c                _raise_r
                0x00000000080070c4                __sigtramp_r
                0x0000000008007128                raise
                0x0000000008007184                signal
                0x00000000080071d8                _init_signal
                0x0000000008007210                __sigtramp
 .text          0x0000000008007278       0x30 /usr/lib/gcc/arm-none-eabi/10.3.1/../../../arm-none-eabi/lib/thumb/v7e-m/nofp/libg.a(lib_a-signalr.o)
                0x0000000008007278                _kill_r
                0x00000000080072a4                _getpid_r
 .text          0x00000000080072a8       0x2c /usr/lib/gcc/arm-none-eabi/10.3.1/thumb/v7e-m/nofp/libgcc.a(_arm_unorddf2.o)
                0x00000000080072a8                __aeabi_dcmpun
                0x00000000080072a8                __unorddf2
 *(.text*)
 .text.MX_GPIO_Init
                0x00000000080072d4       0xac CMakeFiles/Position_PID.elf.dir/Core/Src/gpio.c.obj
                0x00000000080072d4                MX_GPIO_Init
 .text.MotorSpeedCompute_Start
                0x0000000008007380       0x10 CMakeFiles/Position_PID.elf.dir/Core/Src/main.c.obj
                0x0000000008007380                MotorSpeedCompute_Start
 .text.MotorPWM_Start
                0x0000000008007390       0x1c CMakeFiles/Position_PID.elf.dir/Core/Src/main.c.obj
                0x0000000008007390                MotorPWM_Start
 *fill*         0x00000000080073ac        0x4 
 .text.Position_PID
                0x00000000080073b0      0x2d0 CMakeFiles/Position_PID.elf.dir/Core/Src/main.c.obj
                0x00000000080073b0                Position_PID
 .text.HAL_GPIO_EXTI_Callback
                0x0000000008007680       0x88 CMakeFiles/Position_PID.elf.dir/Core/Src/main.c.obj
                0x0000000008007680                HAL_GPIO_EXTI_Callback
 .text.Error_Handler
                0x0000000008007708        0x4 CMakeFiles/Position_PID.elf.dir/Core/Src/main.c.obj
                0x0000000008007708                Error_Handler
 .text.SystemClock_Config
                0x000000000800770c       0xa4 CMakeFiles/Position_PID.elf.dir/Core/Src/main.c.obj
                0x000000000800770c                SystemClock_Config
 .text.main     0x00000000080077b0       0xd0 CMakeFiles/Position_PID.elf.dir/Core/Src/main.c.obj
                0x00000000080077b0                main
 .text.HAL_MspInit
                0x0000000008007880       0x38 CMakeFiles/Position_PID.elf.dir/Core/Src/stm32f4xx_hal_msp.c.obj
                0x0000000008007880                HAL_MspInit
 .text.NMI_Handler
                0x00000000080078b8        0x2 CMakeFiles/Position_PID.elf.dir/Core/Src/stm32f4xx_it.c.obj
                0x00000000080078b8                NMI_Handler
 .text.HardFault_Handler
                0x00000000080078ba        0x2 CMakeFiles/Position_PID.elf.dir/Core/Src/stm32f4xx_it.c.obj
                0x00000000080078ba                HardFault_Handler
 .text.MemManage_Handler
                0x00000000080078bc        0x2 CMakeFiles/Position_PID.elf.dir/Core/Src/stm32f4xx_it.c.obj
                0x00000000080078bc                MemManage_Handler
 .text.BusFault_Handler
                0x00000000080078be        0x2 CMakeFiles/Position_PID.elf.dir/Core/Src/stm32f4xx_it.c.obj
                0x00000000080078be                BusFault_Handler
 .text.UsageFault_Handler
                0x00000000080078c0        0x2 CMakeFiles/Position_PID.elf.dir/Core/Src/stm32f4xx_it.c.obj
                0x00000000080078c0                UsageFault_Handler
 .text.SVC_Handler
                0x00000000080078c2        0x2 CMakeFiles/Position_PID.elf.dir/Core/Src/stm32f4xx_it.c.obj
                0x00000000080078c2                SVC_Handler
 .text.DebugMon_Handler
                0x00000000080078c4        0x2 CMakeFiles/Position_PID.elf.dir/Core/Src/stm32f4xx_it.c.obj
                0x00000000080078c4                DebugMon_Handler
 .text.PendSV_Handler
                0x00000000080078c6        0x2 CMakeFiles/Position_PID.elf.dir/Core/Src/stm32f4xx_it.c.obj
                0x00000000080078c6                PendSV_Handler
 .text.SysTick_Handler
                0x00000000080078c8        0x8 CMakeFiles/Position_PID.elf.dir/Core/Src/stm32f4xx_it.c.obj
                0x00000000080078c8                SysTick_Handler
 .text.EXTI0_IRQHandler
                0x00000000080078d0        0xa CMakeFiles/Position_PID.elf.dir/Core/Src/stm32f4xx_it.c.obj
                0x00000000080078d0                EXTI0_IRQHandler
 .text.EXTI2_IRQHandler
                0x00000000080078da        0xa CMakeFiles/Position_PID.elf.dir/Core/Src/stm32f4xx_it.c.obj
                0x00000000080078da                EXTI2_IRQHandler
 .text._getpid  0x00000000080078e4        0x4 CMakeFiles/Position_PID.elf.dir/Core/Src/syscalls.c.obj
                0x00000000080078e4                _getpid
 .text._kill    0x00000000080078e8       0x10 CMakeFiles/Position_PID.elf.dir/Core/Src/syscalls.c.obj
                0x00000000080078e8                _kill
 .text._exit    0x00000000080078f8        0xc CMakeFiles/Position_PID.elf.dir/Core/Src/syscalls.c.obj
                0x00000000080078f8                _exit
 .text._read    0x0000000008007904       0x20 CMakeFiles/Position_PID.elf.dir/Core/Src/syscalls.c.obj
                0x0000000008007904                _read
 .text._write   0x0000000008007924       0x1c CMakeFiles/Position_PID.elf.dir/Core/Src/syscalls.c.obj
                0x0000000008007924                _write
 .text._close   0x0000000008007940        0x6 CMakeFiles/Position_PID.elf.dir/Core/Src/syscalls.c.obj
                0x0000000008007940                _close
 .text._fstat   0x0000000008007946        0xa CMakeFiles/Position_PID.elf.dir/Core/Src/syscalls.c.obj
                0x0000000008007946                _fstat
 .text._isatty  0x0000000008007950        0x4 CMakeFiles/Position_PID.elf.dir/Core/Src/syscalls.c.obj
                0x0000000008007950                _isatty
 .text._lseek   0x0000000008007954        0x4 CMakeFiles/Position_PID.elf.dir/Core/Src/syscalls.c.obj
                0x0000000008007954                _lseek
 .text._sbrk    0x0000000008007958       0x48 CMakeFiles/Position_PID.elf.dir/Core/Src/sysmem.c.obj
                0x0000000008007958                _sbrk
 .text.SystemInit
                0x00000000080079a0        0x2 CMakeFiles/Position_PID.elf.dir/Core/Src/system_stm32f4xx.c.obj
                0x00000000080079a0                SystemInit
 *fill*         0x00000000080079a2        0x2 
 .text.HAL_TIM_Base_MspInit
                0x00000000080079a4       0x30 CMakeFiles/Position_PID.elf.dir/Core/Src/tim.c.obj
                0x00000000080079a4                HAL_TIM_Base_MspInit
 .text.HAL_TIM_MspPostInit
                0x00000000080079d4       0x5c CMakeFiles/Position_PID.elf.dir/Core/Src/tim.c.obj
                0x00000000080079d4                HAL_TIM_MspPostInit
 .text.MX_TIM1_Init
                0x0000000008007a30       0xfc CMakeFiles/Position_PID.elf.dir/Core/Src/tim.c.obj
                0x0000000008007a30                MX_TIM1_Init
 .text.MX_USART1_UART_Init
                0x0000000008007b2c       0x34 CMakeFiles/Position_PID.elf.dir/Core/Src/usart.c.obj
                0x0000000008007b2c                MX_USART1_UART_Init
 .text.HAL_UART_MspInit
                0x0000000008007b60       0x70 CMakeFiles/Position_PID.elf.dir/Core/Src/usart.c.obj
                0x0000000008007b60                HAL_UART_MspInit
 .text.__io_putchar
                0x0000000008007bd0       0x20 CMakeFiles/Position_PID.elf.dir/Core/Src/usart.c.obj
                0x0000000008007bd0                __io_putchar
 .text.Reset_Handler
                0x0000000008007bf0       0x50 CMakeFiles/Position_PID.elf.dir/Core/Startup/startup_stm32f401ccux.s.obj
                0x0000000008007bf0                Reset_Handler
 .text.Default_Handler
                0x0000000008007c40        0x2 CMakeFiles/Position_PID.elf.dir/Core/Startup/startup_stm32f401ccux.s.obj
                0x0000000008007c40                RTC_Alarm_IRQHandler
                0x0000000008007c40                SPI4_IRQHandler
                0x0000000008007c40                TIM1_CC_IRQHandler
                0x0000000008007c40                DMA2_Stream5_IRQHandler
                0x0000000008007c40                DMA1_Stream5_IRQHandler
                0x0000000008007c40                PVD_IRQHandler
                0x0000000008007c40                SDIO_IRQHandler
                0x0000000008007c40                TAMP_STAMP_IRQHandler
                0x0000000008007c40                EXTI3_IRQHandler
                0x0000000008007c40                TIM1_UP_TIM10_IRQHandler
                0x0000000008007c40                I2C3_ER_IRQHandler
                0x0000000008007c40                I2C2_EV_IRQHandler
                0x0000000008007c40                DMA1_Stream2_IRQHandler
                0x0000000008007c40                FPU_IRQHandler
                0x0000000008007c40                DMA2_Stream2_IRQHandler
                0x0000000008007c40                SPI1_IRQHandler
                0x0000000008007c40                TIM1_BRK_TIM9_IRQHandler
                0x0000000008007c40                DMA2_Stream3_IRQHandler
                0x0000000008007c40                USART6_IRQHandler
                0x0000000008007c40                DMA2_Stream0_IRQHandler
                0x0000000008007c40                TIM4_IRQHandler
                0x0000000008007c40                I2C1_EV_IRQHandler
                0x0000000008007c40                DMA1_Stream6_IRQHandler
                0x0000000008007c40                DMA1_Stream1_IRQHandler
                0x0000000008007c40                TIM3_IRQHandler
                0x0000000008007c40                RCC_IRQHandler
                0x0000000008007c40                Default_Handler
                0x0000000008007c40                EXTI15_10_IRQHandler
                0x0000000008007c40                ADC_IRQHandler
                0x0000000008007c40                DMA1_Stream7_IRQHandler
                0x0000000008007c40                TIM5_IRQHandler
                0x0000000008007c40                DMA2_Stream7_IRQHandler
                0x0000000008007c40                I2C3_EV_IRQHandler
                0x0000000008007c40                EXTI9_5_IRQHandler
                0x0000000008007c40                RTC_WKUP_IRQHandler
                0x0000000008007c40                SPI2_IRQHandler
                0x0000000008007c40                DMA1_Stream0_IRQHandler
                0x0000000008007c40                EXTI4_IRQHandler
                0x0000000008007c40                WWDG_IRQHandler
                0x0000000008007c40                TIM2_IRQHandler
                0x0000000008007c40                OTG_FS_WKUP_IRQHandler
                0x0000000008007c40                TIM1_TRG_COM_TIM11_IRQHandler
                0x0000000008007c40                EXTI1_IRQHandler
                0x0000000008007c40                USART2_IRQHandler
                0x0000000008007c40                I2C2_ER_IRQHandler
                0x0000000008007c40                DMA2_Stream1_IRQHandler
                0x0000000008007c40                FLASH_IRQHandler
                0x0000000008007c40                DMA2_Stream4_IRQHandler
                0x0000000008007c40                USART1_IRQHandler
                0x0000000008007c40                OTG_FS_IRQHandler
                0x0000000008007c40                SPI3_IRQHandler
                0x0000000008007c40                DMA1_Stream4_IRQHandler
                0x0000000008007c40                I2C1_ER_IRQHandler
                0x0000000008007c40                DMA2_Stream6_IRQHandler
                0x0000000008007c40                DMA1_Stream3_IRQHandler
 *fill*         0x0000000008007c42        0x2 
 .text.HAL_InitTick
                0x0000000008007c44       0x4c CMakeFiles/Position_PID.elf.dir/Drivers/STM32F4xx_HAL_Driver/Src/stm32f4xx_hal.c.obj
                0x0000000008007c44                HAL_InitTick
 .text.HAL_Init
                0x0000000008007c90       0x34 CMakeFiles/Position_PID.elf.dir/Drivers/STM32F4xx_HAL_Driver/Src/stm32f4xx_hal.c.obj
                0x0000000008007c90                HAL_Init
 .text.HAL_IncTick
                0x0000000008007cc4       0x18 CMakeFiles/Position_PID.elf.dir/Drivers/STM32F4xx_HAL_Driver/Src/stm32f4xx_hal.c.obj
                0x0000000008007cc4                HAL_IncTick
 .text.HAL_GetTick
                0x0000000008007cdc        0xc CMakeFiles/Position_PID.elf.dir/Drivers/STM32F4xx_HAL_Driver/Src/stm32f4xx_hal.c.obj
                0x0000000008007cdc                HAL_GetTick
 .text.HAL_NVIC_SetPriorityGrouping
                0x0000000008007ce8       0x24 CMakeFiles/Position_PID.elf.dir/Drivers/STM32F4xx_HAL_Driver/Src/stm32f4xx_hal_cortex.c.obj
                0x0000000008007ce8                HAL_NVIC_SetPriorityGrouping
 .text.HAL_NVIC_SetPriority
                0x0000000008007d0c       0x70 CMakeFiles/Position_PID.elf.dir/Drivers/STM32F4xx_HAL_Driver/Src/stm32f4xx_hal_cortex.c.obj
                0x0000000008007d0c                HAL_NVIC_SetPriority
 .text.HAL_NVIC_EnableIRQ
                0x0000000008007d7c       0x1c CMakeFiles/Position_PID.elf.dir/Drivers/STM32F4xx_HAL_Driver/Src/stm32f4xx_hal_cortex.c.obj
                0x0000000008007d7c                HAL_NVIC_EnableIRQ
 .text.HAL_SYSTICK_Config
                0x0000000008007d98       0x28 CMakeFiles/Position_PID.elf.dir/Drivers/STM32F4xx_HAL_Driver/Src/stm32f4xx_hal_cortex.c.obj
                0x0000000008007d98                HAL_SYSTICK_Config
 .text.HAL_GPIO_Init
                0x0000000008007dc0      0x1c0 CMakeFiles/Position_PID.elf.dir/Drivers/STM32F4xx_HAL_Driver/Src/stm32f4xx_hal_gpio.c.obj
                0x0000000008007dc0                HAL_GPIO_Init
 .text.HAL_GPIO_ReadPin
                0x0000000008007f80        0xe CMakeFiles/Position_PID.elf.dir/Drivers/STM32F4xx_HAL_Driver/Src/stm32f4xx_hal_gpio.c.obj
                0x0000000008007f80                HAL_GPIO_ReadPin
 .text.HAL_GPIO_WritePin
                0x0000000008007f8e        0xc CMakeFiles/Position_PID.elf.dir/Drivers/STM32F4xx_HAL_Driver/Src/stm32f4xx_hal_gpio.c.obj
                0x0000000008007f8e                HAL_GPIO_WritePin
 *fill*         0x0000000008007f9a        0x2 
 .text.HAL_GPIO_EXTI_IRQHandler
                0x0000000008007f9c       0x1c CMakeFiles/Position_PID.elf.dir/Drivers/STM32F4xx_HAL_Driver/Src/stm32f4xx_hal_gpio.c.obj
                0x0000000008007f9c                HAL_GPIO_EXTI_IRQHandler
 .text.HAL_RCC_OscConfig
                0x0000000008007fb8      0x3f8 CMakeFiles/Position_PID.elf.dir/Drivers/STM32F4xx_HAL_Driver/Src/stm32f4xx_hal_rcc.c.obj
                0x0000000008007fb8                HAL_RCC_OscConfig
 .text.HAL_RCC_GetSysClockFreq
                0x00000000080083b0       0xa4 CMakeFiles/Position_PID.elf.dir/Drivers/STM32F4xx_HAL_Driver/Src/stm32f4xx_hal_rcc.c.obj
                0x00000000080083b0                HAL_RCC_GetSysClockFreq
 .text.HAL_RCC_ClockConfig
                0x0000000008008454      0x160 CMakeFiles/Position_PID.elf.dir/Drivers/STM32F4xx_HAL_Driver/Src/stm32f4xx_hal_rcc.c.obj
                0x0000000008008454                HAL_RCC_ClockConfig
 .text.HAL_RCC_GetHCLKFreq
                0x00000000080085b4        0xc CMakeFiles/Position_PID.elf.dir/Drivers/STM32F4xx_HAL_Driver/Src/stm32f4xx_hal_rcc.c.obj
                0x00000000080085b4                HAL_RCC_GetHCLKFreq
 .text.HAL_RCC_GetPCLK1Freq
                0x00000000080085c0       0x20 CMakeFiles/Position_PID.elf.dir/Drivers/STM32F4xx_HAL_Driver/Src/stm32f4xx_hal_rcc.c.obj
                0x00000000080085c0                HAL_RCC_GetPCLK1Freq
 .text.HAL_RCC_GetPCLK2Freq
                0x00000000080085e0       0x20 CMakeFiles/Position_PID.elf.dir/Drivers/STM32F4xx_HAL_Driver/Src/stm32f4xx_hal_rcc.c.obj
                0x00000000080085e0                HAL_RCC_GetPCLK2Freq
 .text.TIM_OC1_SetConfig
                0x0000000008008600       0x5c CMakeFiles/Position_PID.elf.dir/Drivers/STM32F4xx_HAL_Driver/Src/stm32f4xx_hal_tim.c.obj
 .text.TIM_OC3_SetConfig
                0x000000000800865c       0x64 CMakeFiles/Position_PID.elf.dir/Drivers/STM32F4xx_HAL_Driver/Src/stm32f4xx_hal_tim.c.obj
 .text.TIM_OC4_SetConfig
                0x00000000080086c0       0x48 CMakeFiles/Position_PID.elf.dir/Drivers/STM32F4xx_HAL_Driver/Src/stm32f4xx_hal_tim.c.obj
 .text.TIM_TI1_ConfigInputStage
                0x0000000008008708       0x24 CMakeFiles/Position_PID.elf.dir/Drivers/STM32F4xx_HAL_Driver/Src/stm32f4xx_hal_tim.c.obj
 .text.TIM_TI2_ConfigInputStage
                0x000000000800872c       0x26 CMakeFiles/Position_PID.elf.dir/Drivers/STM32F4xx_HAL_Driver/Src/stm32f4xx_hal_tim.c.obj
 .text.TIM_ITRx_SetConfig
                0x0000000008008752       0x10 CMakeFiles/Position_PID.elf.dir/Drivers/STM32F4xx_HAL_Driver/Src/stm32f4xx_hal_tim.c.obj
 *fill*         0x0000000008008762        0x2 
 .text.HAL_TIM_Base_Start_IT
                0x0000000008008764       0x78 CMakeFiles/Position_PID.elf.dir/Drivers/STM32F4xx_HAL_Driver/Src/stm32f4xx_hal_tim.c.obj
                0x0000000008008764                HAL_TIM_Base_Start_IT
 .text.HAL_TIM_PWM_MspInit
                0x00000000080087dc        0x2 CMakeFiles/Position_PID.elf.dir/Drivers/STM32F4xx_HAL_Driver/Src/stm32f4xx_hal_tim.c.obj
                0x00000000080087dc                HAL_TIM_PWM_MspInit
 *fill*         0x00000000080087de        0x2 
 .text.TIM_Base_SetConfig
                0x00000000080087e0       0x9c CMakeFiles/Position_PID.elf.dir/Drivers/STM32F4xx_HAL_Driver/Src/stm32f4xx_hal_tim.c.obj
                0x00000000080087e0                TIM_Base_SetConfig
 .text.HAL_TIM_Base_Init
                0x000000000800887c       0x58 CMakeFiles/Position_PID.elf.dir/Drivers/STM32F4xx_HAL_Driver/Src/stm32f4xx_hal_tim.c.obj
                0x000000000800887c                HAL_TIM_Base_Init
 .text.HAL_TIM_PWM_Init
                0x00000000080088d4       0x58 CMakeFiles/Position_PID.elf.dir/Drivers/STM32F4xx_HAL_Driver/Src/stm32f4xx_hal_tim.c.obj
                0x00000000080088d4                HAL_TIM_PWM_Init
 .text.TIM_OC2_SetConfig
                0x000000000800892c       0x64 CMakeFiles/Position_PID.elf.dir/Drivers/STM32F4xx_HAL_Driver/Src/stm32f4xx_hal_tim.c.obj
                0x000000000800892c                TIM_OC2_SetConfig
 .text.HAL_TIM_PWM_ConfigChannel
                0x0000000008008990       0xdc CMakeFiles/Position_PID.elf.dir/Drivers/STM32F4xx_HAL_Driver/Src/stm32f4xx_hal_tim.c.obj
                0x0000000008008990                HAL_TIM_PWM_ConfigChannel
 .text.TIM_ETR_SetConfig
                0x0000000008008a6c       0x18 CMakeFiles/Position_PID.elf.dir/Drivers/STM32F4xx_HAL_Driver/Src/stm32f4xx_hal_tim.c.obj
                0x0000000008008a6c                TIM_ETR_SetConfig
 .text.HAL_TIM_ConfigClockSource
                0x0000000008008a84       0xfe CMakeFiles/Position_PID.elf.dir/Drivers/STM32F4xx_HAL_Driver/Src/stm32f4xx_hal_tim.c.obj
                0x0000000008008a84                HAL_TIM_ConfigClockSource
 .text.TIM_CCxChannelCmd
                0x0000000008008b82       0x1e CMakeFiles/Position_PID.elf.dir/Drivers/STM32F4xx_HAL_Driver/Src/stm32f4xx_hal_tim.c.obj
                0x0000000008008b82                TIM_CCxChannelCmd
 .text.HAL_TIM_PWM_Start
                0x0000000008008ba0       0xf0 CMakeFiles/Position_PID.elf.dir/Drivers/STM32F4xx_HAL_Driver/Src/stm32f4xx_hal_tim.c.obj
                0x0000000008008ba0                HAL_TIM_PWM_Start
 .text.HAL_TIMEx_MasterConfigSynchronization
                0x0000000008008c90       0x7c CMakeFiles/Position_PID.elf.dir/Drivers/STM32F4xx_HAL_Driver/Src/stm32f4xx_hal_tim_ex.c.obj
                0x0000000008008c90                HAL_TIMEx_MasterConfigSynchronization
 .text.HAL_TIMEx_ConfigBreakDeadTime
                0x0000000008008d0c       0x52 CMakeFiles/Position_PID.elf.dir/Drivers/STM32F4xx_HAL_Driver/Src/stm32f4xx_hal_tim_ex.c.obj
                0x0000000008008d0c                HAL_TIMEx_ConfigBreakDeadTime
 *fill*         0x0000000008008d5e        0x2 
 .text.UART_SetConfig
                0x0000000008008d60      0x110 CMakeFiles/Position_PID.elf.dir/Drivers/STM32F4xx_HAL_Driver/Src/stm32f4xx_hal_uart.c.obj
 .text.UART_WaitOnFlagUntilTimeout
                0x0000000008008e70       0x88 CMakeFiles/Position_PID.elf.dir/Drivers/STM32F4xx_HAL_Driver/Src/stm32f4xx_hal_uart.c.obj
 .text.HAL_UART_Init
                0x0000000008008ef8       0x5e CMakeFiles/Position_PID.elf.dir/Drivers/STM32F4xx_HAL_Driver/Src/stm32f4xx_hal_uart.c.obj
                0x0000000008008ef8                HAL_UART_Init
 .text.HAL_UART_Transmit
                0x0000000008008f56       0xd8 CMakeFiles/Position_PID.elf.dir/Drivers/STM32F4xx_HAL_Driver/Src/stm32f4xx_hal_uart.c.obj
                0x0000000008008f56                HAL_UART_Transmit
 *fill*         0x000000000800902e        0x2 
 .text.startup  0x0000000008009030       0x14 /usr/lib/gcc/arm-none-eabi/10.3.1/../../../arm-none-eabi/lib/thumb/v7e-m/nofp/libg.a(lib_a-__call_atexit.o)
 *(.glue_7)
 .glue_7        0x0000000008009044        0x0 linker stubs
 *(.glue_7t)
 .glue_7t       0x0000000008009044        0x0 linker stubs
 *(.eh_frame)
 .eh_frame      0x0000000008009044        0x0 /usr/lib/gcc/arm-none-eabi/10.3.1/thumb/v7e-m/nofp/crtbegin.o
 *(.init)
 .init          0x0000000008009044        0x4 /usr/lib/gcc/arm-none-eabi/10.3.1/thumb/v7e-m/nofp/crti.o
                0x0000000008009044                _init
 .init          0x0000000008009048        0x8 /usr/lib/gcc/arm-none-eabi/10.3.1/thumb/v7e-m/nofp/crtn.o
 *(.fini)
 .fini          0x0000000008009050        0x4 /usr/lib/gcc/arm-none-eabi/10.3.1/thumb/v7e-m/nofp/crti.o
                0x0000000008009050                _fini
 .fini          0x0000000008009054        0x8 /usr/lib/gcc/arm-none-eabi/10.3.1/thumb/v7e-m/nofp/crtn.o
                0x000000000800905c                . = ALIGN (0x4)
                0x000000000800905c                _etext = .

.vfp11_veneer   0x000000000800905c        0x0
 .vfp11_veneer  0x000000000800905c        0x0 linker stubs

.v4_bx          0x000000000800905c        0x0
 .v4_bx         0x000000000800905c        0x0 linker stubs

.iplt           0x000000000800905c        0x0
 .iplt          0x000000000800905c        0x0 /usr/lib/gcc/arm-none-eabi/10.3.1/thumb/v7e-m/nofp/crtbegin.o

.rodata         0x0000000008009060      0x3cc
                0x0000000008009060                . = ALIGN (0x4)
 *(.rodata)
 .rodata        0x0000000008009060        0x4 /usr/lib/gcc/arm-none-eabi/10.3.1/../../../arm-none-eabi/lib/thumb/v7e-m/nofp/libg.a(lib_a-impure.o)
                0x0000000008009060                _global_impure_ptr
 .rodata        0x0000000008009064       0x20 /usr/lib/gcc/arm-none-eabi/10.3.1/../../../arm-none-eabi/lib/thumb/v7e-m/nofp/libg.a(lib_a-vfprintf.o)
 *fill*         0x0000000008009084        0x4 
 .rodata        0x0000000008009088      0x128 /usr/lib/gcc/arm-none-eabi/10.3.1/../../../arm-none-eabi/lib/thumb/v7e-m/nofp/libg.a(lib_a-mprec.o)
                0x0000000008009098                __mprec_tens
                0x0000000008009160                __mprec_tinytens
                0x0000000008009188                __mprec_bigtens
 .rodata        0x00000000080091b0       0x20 /usr/lib/gcc/arm-none-eabi/10.3.1/../../../arm-none-eabi/lib/thumb/v7e-m/nofp/libg.a(lib_a-vfiprintf.o)
 .rodata        0x00000000080091d0      0x101 /usr/lib/gcc/arm-none-eabi/10.3.1/../../../arm-none-eabi/lib/thumb/v7e-m/nofp/libg.a(lib_a-ctype_.o)
                0x00000000080091d0                _ctype_
 *(.rodata*)
 *fill*         0x00000000080092d1        0x3 
 .rodata.main.str1.4
                0x00000000080092d4       0x1e CMakeFiles/Position_PID.elf.dir/Core/Src/main.c.obj
 *fill*         0x00000000080092f2        0x2 
 .rodata.AHBPrescTable
                0x00000000080092f4       0x10 CMakeFiles/Position_PID.elf.dir/Core/Src/system_stm32f4xx.c.obj
                0x00000000080092f4                AHBPrescTable
 .rodata.APBPrescTable
                0x0000000008009304        0x8 CMakeFiles/Position_PID.elf.dir/Core/Src/system_stm32f4xx.c.obj
                0x0000000008009304                APBPrescTable
 .rodata.str1.4
                0x000000000800930c       0x42 /usr/lib/gcc/arm-none-eabi/10.3.1/../../../arm-none-eabi/lib/thumb/v7e-m/nofp/libg.a(lib_a-vfprintf.o)
 *fill*         0x000000000800934e        0x2 
 .rodata.str1.4
                0x0000000008009350       0x56 /usr/lib/gcc/arm-none-eabi/10.3.1/../../../arm-none-eabi/lib/thumb/v7e-m/nofp/libg.a(lib_a-dtoa.o)
                                         0x5a (size before relaxing)
 *fill*         0x00000000080093a6        0x2 
 .rodata.str1.4
                0x00000000080093a8       0x33 /usr/lib/gcc/arm-none-eabi/10.3.1/../../../arm-none-eabi/lib/thumb/v7e-m/nofp/libg.a(lib_a-mprec.o)
                                         0x47 (size before relaxing)
 .rodata.str1.4
                0x00000000080093db       0x2f /usr/lib/gcc/arm-none-eabi/10.3.1/../../../arm-none-eabi/lib/thumb/v7e-m/nofp/libg.a(lib_a-vfiprintf.o)
 *fill*         0x00000000080093db        0x1 
 .rodata.str1.4
                0x00000000080093dc       0x3f /usr/lib/gcc/arm-none-eabi/10.3.1/../../../arm-none-eabi/lib/thumb/v7e-m/nofp/libg.a(lib_a-assert.o)
                                         0x43 (size before relaxing)
 *fill*         0x000000000800941b        0x1 
 .rodata.str1.4
                0x000000000800941c        0xe /usr/lib/gcc/arm-none-eabi/10.3.1/../../../arm-none-eabi/lib/thumb/v7e-m/nofp/libg.a(lib_a-locale.o)
                                         0x12 (size before relaxing)
                0x000000000800942c                . = ALIGN (0x4)
 *fill*         0x000000000800942a        0x2 

.ARM.extab      0x000000000800942c        0x0
                0x000000000800942c                . = ALIGN (0x4)
 *(.ARM.extab* .gnu.linkonce.armextab.*)
                0x000000000800942c                . = ALIGN (0x4)

.ARM            0x000000000800942c        0x8
                0x000000000800942c                . = ALIGN (0x4)
                0x000000000800942c                __exidx_start = .
 *(.ARM.exidx*)
 .ARM.exidx     0x000000000800942c        0x8 /usr/lib/gcc/arm-none-eabi/10.3.1/thumb/v7e-m/nofp/libgcc.a(_udivmoddi4.o)
                0x0000000008009434                __exidx_end = .
                0x0000000008009434                . = ALIGN (0x4)

.rel.dyn        0x0000000008009434        0x0
 .rel.iplt      0x0000000008009434        0x0 /usr/lib/gcc/arm-none-eabi/10.3.1/thumb/v7e-m/nofp/crtbegin.o

.preinit_array  0x0000000008009434        0x0
                0x0000000008009434                . = ALIGN (0x4)
                0x0000000008009434                PROVIDE (__preinit_array_start = .)
 *(.preinit_array*)
                0x0000000008009434                PROVIDE (__preinit_array_end = .)
                0x0000000008009434                . = ALIGN (0x4)

.init_array     0x0000000008009434        0x8
                0x0000000008009434                . = ALIGN (0x4)
                0x0000000008009434                PROVIDE (__init_array_start = .)
 *(SORT_BY_NAME(.init_array.*))
 .init_array.00000
                0x0000000008009434        0x4 /usr/lib/gcc/arm-none-eabi/10.3.1/../../../arm-none-eabi/lib/thumb/v7e-m/nofp/libg.a(lib_a-__call_atexit.o)
 *(.init_array*)
 .init_array    0x0000000008009438        0x4 /usr/lib/gcc/arm-none-eabi/10.3.1/thumb/v7e-m/nofp/crtbegin.o
                0x000000000800943c                PROVIDE (__init_array_end = .)
                0x000000000800943c                . = ALIGN (0x4)

.fini_array     0x000000000800943c        0x4
                0x000000000800943c                . = ALIGN (0x4)
                0x000000000800943c                PROVIDE (__fini_array_start = .)
 *(SORT_BY_NAME(.fini_array.*))
 *(.fini_array*)
 .fini_array    0x000000000800943c        0x4 /usr/lib/gcc/arm-none-eabi/10.3.1/thumb/v7e-m/nofp/crtbegin.o
                0x0000000008009440                PROVIDE (__fini_array_end = .)
                0x0000000008009440                . = ALIGN (0x4)
                0x0000000008009440                _sidata = LOADADDR (.data)

.data           0x0000000020000000      0x9e4 load address 0x0000000008009440
                0x0000000020000000                . = ALIGN (0x4)
                0x0000000020000000                _sdata = .
 *(.data)
 .data          0x0000000020000000      0x430 /usr/lib/gcc/arm-none-eabi/10.3.1/../../../arm-none-eabi/lib/thumb/v7e-m/nofp/libg.a(lib_a-impure.o)
                0x0000000020000000                _impure_ptr
 .data          0x0000000020000430      0x410 /usr/lib/gcc/arm-none-eabi/10.3.1/../../../arm-none-eabi/lib/thumb/v7e-m/nofp/libg.a(lib_a-mallocr.o)
                0x0000000020000430                __malloc_av_
                0x0000000020000838                __malloc_sbrk_base
                0x000000002000083c                __malloc_trim_threshold
 .data          0x0000000020000840      0x16c /usr/lib/gcc/arm-none-eabi/10.3.1/../../../arm-none-eabi/lib/thumb/v7e-m/nofp/libg.a(lib_a-locale.o)
                0x0000000020000840                __global_locale
 *(.data*)
 .data.LDir     0x00000000200009ac        0x4 CMakeFiles/Position_PID.elf.dir/Core/Src/main.c.obj
                0x00000000200009ac                LDir
 .data.LIN2     0x00000000200009b0        0x1 CMakeFiles/Position_PID.elf.dir/Core/Src/main.c.obj
                0x00000000200009b0                LIN2
 *fill*         0x00000000200009b1        0x3 
 .data.RDir     0x00000000200009b4        0x4 CMakeFiles/Position_PID.elf.dir/Core/Src/main.c.obj
                0x00000000200009b4                RDir
 .data.posKd    0x00000000200009b8        0x8 CMakeFiles/Position_PID.elf.dir/Core/Src/main.c.obj
                0x00000000200009b8                posKd
 .data.posKi    0x00000000200009c0        0x8 CMakeFiles/Position_PID.elf.dir/Core/Src/main.c.obj
                0x00000000200009c0                posKi
 .data.posKiThreshold
                0x00000000200009c8        0x4 CMakeFiles/Position_PID.elf.dir/Core/Src/main.c.obj
                0x00000000200009c8                posKiThreshold
 *fill*         0x00000000200009cc        0x4 
 .data.posKp    0x00000000200009d0        0x8 CMakeFiles/Position_PID.elf.dir/Core/Src/main.c.obj
                0x00000000200009d0                posKp
 .data.SystemCoreClock
                0x00000000200009d8        0x4 CMakeFiles/Position_PID.elf.dir/Core/Src/system_stm32f4xx.c.obj
                0x00000000200009d8                SystemCoreClock
 .data.uwTickFreq
                0x00000000200009dc        0x1 CMakeFiles/Position_PID.elf.dir/Drivers/STM32F4xx_HAL_Driver/Src/stm32f4xx_hal.c.obj
                0x00000000200009dc                uwTickFreq
 *fill*         0x00000000200009dd        0x3 
 .data.uwTickPrio
                0x00000000200009e0        0x4 CMakeFiles/Position_PID.elf.dir/Drivers/STM32F4xx_HAL_Driver/Src/stm32f4xx_hal.c.obj
                0x00000000200009e0                uwTickPrio
 *(.RamFunc)
 *(.RamFunc*)
                0x00000000200009e4                . = ALIGN (0x4)
                0x00000000200009e4                _edata = .

.tm_clone_table
                0x00000000200009e4        0x0 load address 0x0000000008009e24
 .tm_clone_table
                0x00000000200009e4        0x0 /usr/lib/gcc/arm-none-eabi/10.3.1/thumb/v7e-m/nofp/crtbegin.o
 .tm_clone_table
                0x00000000200009e4        0x0 /usr/lib/gcc/arm-none-eabi/10.3.1/thumb/v7e-m/nofp/crtend.o

.igot.plt       0x00000000200009e4        0x0 load address 0x0000000008009e24
 .igot.plt      0x00000000200009e4        0x0 /usr/lib/gcc/arm-none-eabi/10.3.1/thumb/v7e-m/nofp/crtbegin.o
                0x00000000200009e4                . = ALIGN (0x4)

.bss            0x00000000200009e8      0x13c load address 0x0000000008009e24
                0x00000000200009e8                _sbss = .
                0x00000000200009e8                __bss_start__ = _sbss
 *(.bss)
 .bss           0x00000000200009e8       0x1c /usr/lib/gcc/arm-none-eabi/10.3.1/thumb/v7e-m/nofp/crtbegin.o
 .bss           0x0000000020000a04       0x34 /usr/lib/gcc/arm-none-eabi/10.3.1/../../../arm-none-eabi/lib/thumb/v7e-m/nofp/libg.a(lib_a-mallocr.o)
                0x0000000020000a04                __malloc_top_pad
                0x0000000020000a08                __malloc_current_mallinfo
                0x0000000020000a30                __malloc_max_sbrked_mem
                0x0000000020000a34                __malloc_max_total_mem
 .bss           0x0000000020000a38        0x4 /usr/lib/gcc/arm-none-eabi/10.3.1/../../../arm-none-eabi/lib/thumb/v7e-m/nofp/libg.a(lib_a-reent.o)
                0x0000000020000a38                errno
 *(.bss*)
 .bss.LIN1      0x0000000020000a3c        0x1 CMakeFiles/Position_PID.elf.dir/Core/Src/main.c.obj
                0x0000000020000a3c                LIN1
 *fill*         0x0000000020000a3d        0x3 
 .bss.LMotorCount
                0x0000000020000a40        0x8 CMakeFiles/Position_PID.elf.dir/Core/Src/main.c.obj
                0x0000000020000a40                LMotorCount
 .bss.LPWM      0x0000000020000a48        0x8 CMakeFiles/Position_PID.elf.dir/Core/Src/main.c.obj
                0x0000000020000a48                LPWM
 .bss.LPosBiasIntergral.4
                0x0000000020000a50        0x4 CMakeFiles/Position_PID.elf.dir/Core/Src/main.c.obj
 *fill*         0x0000000020000a54        0x4 
 .bss.LTargetPos
                0x0000000020000a58        0x8 CMakeFiles/Position_PID.elf.dir/Core/Src/main.c.obj
                0x0000000020000a58                LTargetPos
 .bss.RMotorCount
                0x0000000020000a60        0x8 CMakeFiles/Position_PID.elf.dir/Core/Src/main.c.obj
                0x0000000020000a60                RMotorCount
 .bss.RPWM      0x0000000020000a68        0x8 CMakeFiles/Position_PID.elf.dir/Core/Src/main.c.obj
                0x0000000020000a68                RPWM
 .bss.RPosBiasIntergral.5
                0x0000000020000a70        0x4 CMakeFiles/Position_PID.elf.dir/Core/Src/main.c.obj
 *fill*         0x0000000020000a74        0x4 
 .bss.RTargetPos
                0x0000000020000a78        0x8 CMakeFiles/Position_PID.elf.dir/Core/Src/main.c.obj
                0x0000000020000a78                RTargetPos
 .bss.RVelocity
                0x0000000020000a80        0x8 CMakeFiles/Position_PID.elf.dir/Core/Src/main.c.obj
                0x0000000020000a80                RVelocity
 .bss.lastLPosBias.2
                0x0000000020000a88        0x4 CMakeFiles/Position_PID.elf.dir/Core/Src/main.c.obj
 .bss.lastRPosBias.3
                0x0000000020000a8c        0x4 CMakeFiles/Position_PID.elf.dir/Core/Src/main.c.obj
 .bss.__sbrk_heap_end
                0x0000000020000a90        0x4 CMakeFiles/Position_PID.elf.dir/Core/Src/sysmem.c.obj
 .bss.htim1     0x0000000020000a94       0x48 CMakeFiles/Position_PID.elf.dir/Core/Src/tim.c.obj
                0x0000000020000a94                htim1
 .bss.huart1    0x0000000020000adc       0x44 CMakeFiles/Position_PID.elf.dir/Core/Src/usart.c.obj
                0x0000000020000adc                huart1
 .bss.uwTick    0x0000000020000b20        0x4 CMakeFiles/Position_PID.elf.dir/Drivers/STM32F4xx_HAL_Driver/Src/stm32f4xx_hal.c.obj
                0x0000000020000b20                uwTick
 *(COMMON)
                0x0000000020000b24                . = ALIGN (0x4)
                0x0000000020000b24                _ebss = .
                0x0000000020000b24                __bss_end__ = _ebss

._user_heap_stack
                0x0000000020000b24      0x604 load address 0x0000000008009e24
                0x0000000020000b28                . = ALIGN (0x8)
 *fill*         0x0000000020000b24        0x4 
                [!provide]                        PROVIDE (end = .)
                0x0000000020000b28                PROVIDE (_end = .)
                0x0000000020000d28                . = (. + _Min_Heap_Size)
 *fill*         0x0000000020000b28      0x200 
                0x0000000020001128                . = (. + _Min_Stack_Size)
 *fill*         0x0000000020000d28      0x400 
                0x0000000020001128                . = ALIGN (0x8)

/DISCARD/
 libc.a(*)
 libm.a(*)
 libgcc.a(*)

.ARM.attributes
                0x0000000000000000       0x2a
 *(.ARM.attributes)
 .ARM.attributes
                0x0000000000000000       0x1e /usr/lib/gcc/arm-none-eabi/10.3.1/thumb/v7e-m/nofp/crti.o
 .ARM.attributes
                0x000000000000001e       0x2e /usr/lib/gcc/arm-none-eabi/10.3.1/thumb/v7e-m/nofp/crtbegin.o
 .ARM.attributes
                0x000000000000004c       0x2e CMakeFiles/Position_PID.elf.dir/Core/Src/gpio.c.obj
 .ARM.attributes
                0x000000000000007a       0x2e CMakeFiles/Position_PID.elf.dir/Core/Src/main.c.obj
 .ARM.attributes
                0x00000000000000a8       0x2e CMakeFiles/Position_PID.elf.dir/Core/Src/stm32f4xx_hal_msp.c.obj
 .ARM.attributes
                0x00000000000000d6       0x2e CMakeFiles/Position_PID.elf.dir/Core/Src/stm32f4xx_it.c.obj
 .ARM.attributes
                0x0000000000000104       0x2e CMakeFiles/Position_PID.elf.dir/Core/Src/syscalls.c.obj
 .ARM.attributes
                0x0000000000000132       0x2e CMakeFiles/Position_PID.elf.dir/Core/Src/sysmem.c.obj
 .ARM.attributes
                0x0000000000000160       0x2e CMakeFiles/Position_PID.elf.dir/Core/Src/system_stm32f4xx.c.obj
 .ARM.attributes
                0x000000000000018e       0x2e CMakeFiles/Position_PID.elf.dir/Core/Src/tim.c.obj
 .ARM.attributes
                0x00000000000001bc       0x2e CMakeFiles/Position_PID.elf.dir/Core/Src/usart.c.obj
 .ARM.attributes
                0x00000000000001ea       0x21 CMakeFiles/Position_PID.elf.dir/Core/Startup/startup_stm32f401ccux.s.obj
 .ARM.attributes
                0x000000000000020b       0x2e CMakeFiles/Position_PID.elf.dir/Drivers/STM32F4xx_HAL_Driver/Src/stm32f4xx_hal.c.obj
 .ARM.attributes
                0x0000000000000239       0x2e CMakeFiles/Position_PID.elf.dir/Drivers/STM32F4xx_HAL_Driver/Src/stm32f4xx_hal_cortex.c.obj
 .ARM.attributes
                0x0000000000000267       0x2e CMakeFiles/Position_PID.elf.dir/Drivers/STM32F4xx_HAL_Driver/Src/stm32f4xx_hal_gpio.c.obj
 .ARM.attributes
                0x0000000000000295       0x2e CMakeFiles/Position_PID.elf.dir/Drivers/STM32F4xx_HAL_Driver/Src/stm32f4xx_hal_rcc.c.obj
 .ARM.attributes
                0x00000000000002c3       0x2e CMakeFiles/Position_PID.elf.dir/Drivers/STM32F4xx_HAL_Driver/Src/stm32f4xx_hal_tim.c.obj
 .ARM.attributes
                0x00000000000002f1       0x2e CMakeFiles/Position_PID.elf.dir/Drivers/STM32F4xx_HAL_Driver/Src/stm32f4xx_hal_tim_ex.c.obj
 .ARM.attributes
                0x000000000000031f       0x2e CMakeFiles/Position_PID.elf.dir/Drivers/STM32F4xx_HAL_Driver/Src/stm32f4xx_hal_uart.c.obj
 .ARM.attributes
                0x000000000000034d       0x1e /usr/lib/gcc/arm-none-eabi/10.3.1/thumb/v7e-m/nofp/libgcc.a(_arm_addsubdf3.o)
 .ARM.attributes
                0x000000000000036b       0x1e /usr/lib/gcc/arm-none-eabi/10.3.1/thumb/v7e-m/nofp/libgcc.a(_arm_muldivdf3.o)
 .ARM.attributes
                0x0000000000000389       0x1e /usr/lib/gcc/arm-none-eabi/10.3.1/thumb/v7e-m/nofp/libgcc.a(_arm_cmpdf2.o)
 .ARM.attributes
                0x00000000000003a7       0x1e /usr/lib/gcc/arm-none-eabi/10.3.1/thumb/v7e-m/nofp/libgcc.a(_arm_fixdfsi.o)
 .ARM.attributes
                0x00000000000003c5       0x1e /usr/lib/gcc/arm-none-eabi/10.3.1/thumb/v7e-m/nofp/libgcc.a(_arm_fixunsdfsi.o)
 .ARM.attributes
                0x00000000000003e3       0x1e /usr/lib/gcc/arm-none-eabi/10.3.1/thumb/v7e-m/nofp/libgcc.a(_aeabi_uldivmod.o)
 .ARM.attributes
                0x0000000000000401       0x2e /usr/lib/gcc/arm-none-eabi/10.3.1/thumb/v7e-m/nofp/libgcc.a(_udivmoddi4.o)
 .ARM.attributes
                0x000000000000042f       0x1e /usr/lib/gcc/arm-none-eabi/10.3.1/thumb/v7e-m/nofp/libgcc.a(_dvmd_tls.o)
 .ARM.attributes
                0x000000000000044d       0x2e /usr/lib/gcc/arm-none-eabi/10.3.1/../../../arm-none-eabi/lib/thumb/v7e-m/nofp/libg.a(lib_a-atexit.o)
 .ARM.attributes
                0x000000000000047b       0x2e /usr/lib/gcc/arm-none-eabi/10.3.1/../../../arm-none-eabi/lib/thumb/v7e-m/nofp/libg.a(lib_a-errno.o)
 .ARM.attributes
                0x00000000000004a9       0x2e /usr/lib/gcc/arm-none-eabi/10.3.1/../../../arm-none-eabi/lib/thumb/v7e-m/nofp/libg.a(lib_a-fini.o)
 .ARM.attributes
                0x00000000000004d7       0x2e /usr/lib/gcc/arm-none-eabi/10.3.1/../../../arm-none-eabi/lib/thumb/v7e-m/nofp/libg.a(lib_a-impure.o)
 .ARM.attributes
                0x0000000000000505       0x2e /usr/lib/gcc/arm-none-eabi/10.3.1/../../../arm-none-eabi/lib/thumb/v7e-m/nofp/libg.a(lib_a-init.o)
 .ARM.attributes
                0x0000000000000533       0x2e /usr/lib/gcc/arm-none-eabi/10.3.1/../../../arm-none-eabi/lib/thumb/v7e-m/nofp/libg.a(lib_a-memset.o)
 .ARM.attributes
                0x0000000000000561       0x2e /usr/lib/gcc/arm-none-eabi/10.3.1/../../../arm-none-eabi/lib/thumb/v7e-m/nofp/libg.a(lib_a-printf.o)
 .ARM.attributes
                0x000000000000058f       0x2e /usr/lib/gcc/arm-none-eabi/10.3.1/../../../arm-none-eabi/lib/thumb/v7e-m/nofp/libg.a(lib_a-vfprintf.o)
 .ARM.attributes
                0x00000000000005bd       0x2e /usr/lib/gcc/arm-none-eabi/10.3.1/../../../arm-none-eabi/lib/thumb/v7e-m/nofp/libg.a(lib_a-wsetup.o)
 .ARM.attributes
                0x00000000000005eb       0x2e /usr/lib/gcc/arm-none-eabi/10.3.1/../../../arm-none-eabi/lib/thumb/v7e-m/nofp/libg.a(lib_a-__atexit.o)
 .ARM.attributes
                0x0000000000000619       0x2e /usr/lib/gcc/arm-none-eabi/10.3.1/../../../arm-none-eabi/lib/thumb/v7e-m/nofp/libg.a(lib_a-__call_atexit.o)
 .ARM.attributes
                0x0000000000000647       0x2e /usr/lib/gcc/arm-none-eabi/10.3.1/../../../arm-none-eabi/lib/thumb/v7e-m/nofp/libg.a(lib_a-dtoa.o)
 .ARM.attributes
                0x0000000000000675       0x2e /usr/lib/gcc/arm-none-eabi/10.3.1/../../../arm-none-eabi/lib/thumb/v7e-m/nofp/libg.a(lib_a-fflush.o)
 .ARM.attributes
                0x00000000000006a3       0x2e /usr/lib/gcc/arm-none-eabi/10.3.1/../../../arm-none-eabi/lib/thumb/v7e-m/nofp/libg.a(lib_a-findfp.o)
 .ARM.attributes
                0x00000000000006d1       0x2e /usr/lib/gcc/arm-none-eabi/10.3.1/../../../arm-none-eabi/lib/thumb/v7e-m/nofp/libg.a(lib_a-freer.o)
 .ARM.attributes
                0x00000000000006ff       0x2e /usr/lib/gcc/arm-none-eabi/10.3.1/../../../arm-none-eabi/lib/thumb/v7e-m/nofp/libg.a(lib_a-fwalk.o)
 .ARM.attributes
                0x000000000000072d       0x2e /usr/lib/gcc/arm-none-eabi/10.3.1/../../../arm-none-eabi/lib/thumb/v7e-m/nofp/libg.a(lib_a-localeconv.o)
 .ARM.attributes
                0x000000000000075b       0x2e /usr/lib/gcc/arm-none-eabi/10.3.1/../../../arm-none-eabi/lib/thumb/v7e-m/nofp/libg.a(lib_a-makebuf.o)
 .ARM.attributes
                0x0000000000000789       0x2e /usr/lib/gcc/arm-none-eabi/10.3.1/../../../arm-none-eabi/lib/thumb/v7e-m/nofp/libg.a(lib_a-mallocr.o)
 .ARM.attributes
                0x00000000000007b7       0x1c /usr/lib/gcc/arm-none-eabi/10.3.1/../../../arm-none-eabi/lib/thumb/v7e-m/nofp/libg.a(lib_a-memchr.o)
 .ARM.attributes
                0x00000000000007d3       0x1c /usr/lib/gcc/arm-none-eabi/10.3.1/../../../arm-none-eabi/lib/thumb/v7e-m/nofp/libg.a(lib_a-memcpy.o)
 .ARM.attributes
                0x00000000000007ef       0x2e /usr/lib/gcc/arm-none-eabi/10.3.1/../../../arm-none-eabi/lib/thumb/v7e-m/nofp/libg.a(lib_a-mlock.o)
 .ARM.attributes
                0x000000000000081d       0x2e /usr/lib/gcc/arm-none-eabi/10.3.1/../../../arm-none-eabi/lib/thumb/v7e-m/nofp/libg.a(lib_a-mprec.o)
 .ARM.attributes
                0x000000000000084b       0x2e /usr/lib/gcc/arm-none-eabi/10.3.1/../../../arm-none-eabi/lib/thumb/v7e-m/nofp/libg.a(lib_a-sbrkr.o)
 .ARM.attributes
                0x0000000000000879       0x2e /usr/lib/gcc/arm-none-eabi/10.3.1/../../../arm-none-eabi/lib/thumb/v7e-m/nofp/libg.a(lib_a-stdio.o)
 .ARM.attributes
                0x00000000000008a7       0x1c /usr/lib/gcc/arm-none-eabi/10.3.1/../../../arm-none-eabi/lib/thumb/v7e-m/nofp/libg.a(lib_a-strlen.o)
 .ARM.attributes
                0x00000000000008c3       0x2e /usr/lib/gcc/arm-none-eabi/10.3.1/../../../arm-none-eabi/lib/thumb/v7e-m/nofp/libg.a(lib_a-vfiprintf.o)
 .ARM.attributes
                0x00000000000008f1       0x2e /usr/lib/gcc/arm-none-eabi/10.3.1/../../../arm-none-eabi/lib/thumb/v7e-m/nofp/libg.a(lib_a-writer.o)
 .ARM.attributes
                0x000000000000091f       0x2e /usr/lib/gcc/arm-none-eabi/10.3.1/../../../arm-none-eabi/lib/thumb/v7e-m/nofp/libg.a(lib_a-assert.o)
 .ARM.attributes
                0x000000000000094d       0x2e /usr/lib/gcc/arm-none-eabi/10.3.1/../../../arm-none-eabi/lib/thumb/v7e-m/nofp/libg.a(lib_a-callocr.o)
 .ARM.attributes
                0x000000000000097b       0x2e /usr/lib/gcc/arm-none-eabi/10.3.1/../../../arm-none-eabi/lib/thumb/v7e-m/nofp/libg.a(lib_a-closer.o)
 .ARM.attributes
                0x00000000000009a9       0x2e /usr/lib/gcc/arm-none-eabi/10.3.1/../../../arm-none-eabi/lib/thumb/v7e-m/nofp/libg.a(lib_a-fclose.o)
 .ARM.attributes
                0x00000000000009d7       0x2e /usr/lib/gcc/arm-none-eabi/10.3.1/../../../arm-none-eabi/lib/thumb/v7e-m/nofp/libg.a(lib_a-fiprintf.o)
 .ARM.attributes
                0x0000000000000a05       0x2e /usr/lib/gcc/arm-none-eabi/10.3.1/../../../arm-none-eabi/lib/thumb/v7e-m/nofp/libg.a(lib_a-fputwc.o)
 .ARM.attributes
                0x0000000000000a33       0x2e /usr/lib/gcc/arm-none-eabi/10.3.1/../../../arm-none-eabi/lib/thumb/v7e-m/nofp/libg.a(lib_a-fstatr.o)
 .ARM.attributes
                0x0000000000000a61       0x2e /usr/lib/gcc/arm-none-eabi/10.3.1/../../../arm-none-eabi/lib/thumb/v7e-m/nofp/libg.a(lib_a-fvwrite.o)
 .ARM.attributes
                0x0000000000000a8f       0x2e /usr/lib/gcc/arm-none-eabi/10.3.1/../../../arm-none-eabi/lib/thumb/v7e-m/nofp/libg.a(lib_a-isattyr.o)
 .ARM.attributes
                0x0000000000000abd       0x2e /usr/lib/gcc/arm-none-eabi/10.3.1/../../../arm-none-eabi/lib/thumb/v7e-m/nofp/libg.a(lib_a-locale.o)
 .ARM.attributes
                0x0000000000000aeb       0x2e /usr/lib/gcc/arm-none-eabi/10.3.1/../../../arm-none-eabi/lib/thumb/v7e-m/nofp/libg.a(lib_a-lseekr.o)
 .ARM.attributes
                0x0000000000000b19       0x2e /usr/lib/gcc/arm-none-eabi/10.3.1/../../../arm-none-eabi/lib/thumb/v7e-m/nofp/libg.a(lib_a-mbtowc_r.o)
 .ARM.attributes
                0x0000000000000b47       0x2e /usr/lib/gcc/arm-none-eabi/10.3.1/../../../arm-none-eabi/lib/thumb/v7e-m/nofp/libg.a(lib_a-memmove.o)
 .ARM.attributes
                0x0000000000000b75       0x2e /usr/lib/gcc/arm-none-eabi/10.3.1/../../../arm-none-eabi/lib/thumb/v7e-m/nofp/libg.a(lib_a-readr.o)
 .ARM.attributes
                0x0000000000000ba3       0x2e /usr/lib/gcc/arm-none-eabi/10.3.1/../../../arm-none-eabi/lib/thumb/v7e-m/nofp/libg.a(lib_a-reallocr.o)
 .ARM.attributes
                0x0000000000000bd1       0x2e /usr/lib/gcc/arm-none-eabi/10.3.1/../../../arm-none-eabi/lib/thumb/v7e-m/nofp/libg.a(lib_a-reent.o)
 .ARM.attributes
                0x0000000000000bff       0x1c /usr/lib/gcc/arm-none-eabi/10.3.1/../../../arm-none-eabi/lib/thumb/v7e-m/nofp/libg.a(lib_a-strcmp.o)
 .ARM.attributes
                0x0000000000000c1b       0x2e /usr/lib/gcc/arm-none-eabi/10.3.1/../../../arm-none-eabi/lib/thumb/v7e-m/nofp/libg.a(lib_a-wbuf.o)
 .ARM.attributes
                0x0000000000000c49       0x2e /usr/lib/gcc/arm-none-eabi/10.3.1/../../../arm-none-eabi/lib/thumb/v7e-m/nofp/libg.a(lib_a-wcrtomb.o)
 .ARM.attributes
                0x0000000000000c77       0x2e /usr/lib/gcc/arm-none-eabi/10.3.1/../../../arm-none-eabi/lib/thumb/v7e-m/nofp/libg.a(lib_a-wctomb_r.o)
 .ARM.attributes
                0x0000000000000ca5       0x2e /usr/lib/gcc/arm-none-eabi/10.3.1/../../../arm-none-eabi/lib/thumb/v7e-m/nofp/libg.a(lib_a-abort.o)
 .ARM.attributes
                0x0000000000000cd3       0x2e /usr/lib/gcc/arm-none-eabi/10.3.1/../../../arm-none-eabi/lib/thumb/v7e-m/nofp/libg.a(lib_a-ctype_.o)
 .ARM.attributes
                0x0000000000000d01       0x2e /usr/lib/gcc/arm-none-eabi/10.3.1/../../../arm-none-eabi/lib/thumb/v7e-m/nofp/libg.a(lib_a-signal.o)
 .ARM.attributes
                0x0000000000000d2f       0x2e /usr/lib/gcc/arm-none-eabi/10.3.1/../../../arm-none-eabi/lib/thumb/v7e-m/nofp/libg.a(lib_a-signalr.o)
 .ARM.attributes
                0x0000000000000d5d       0x1e /usr/lib/gcc/arm-none-eabi/10.3.1/thumb/v7e-m/nofp/libgcc.a(_arm_unorddf2.o)
 .ARM.attributes
                0x0000000000000d7b       0x2e /usr/lib/gcc/arm-none-eabi/10.3.1/thumb/v7e-m/nofp/crtend.o
 .ARM.attributes
                0x0000000000000da9       0x1e /usr/lib/gcc/arm-none-eabi/10.3.1/thumb/v7e-m/nofp/crtn.o
OUTPUT(Position_PID.elf elf32-littlearm)
LOAD linker stubs
LOAD /usr/lib/gcc/arm-none-eabi/10.3.1/../../../arm-none-eabi/lib/thumb/v7e-m/nofp/libc.a
LOAD /usr/lib/gcc/arm-none-eabi/10.3.1/../../../arm-none-eabi/lib/thumb/v7e-m/nofp/libm.a
LOAD /usr/lib/gcc/arm-none-eabi/10.3.1/thumb/v7e-m/nofp/libgcc.a

.comment        0x0000000000000000       0x33
 .comment       0x0000000000000000       0x33 /usr/lib/gcc/arm-none-eabi/10.3.1/thumb/v7e-m/nofp/crtbegin.o
                                         0x34 (size before relaxing)
 .comment       0x0000000000000033       0x34 CMakeFiles/Position_PID.elf.dir/Core/Src/gpio.c.obj
 .comment       0x0000000000000033       0x34 CMakeFiles/Position_PID.elf.dir/Core/Src/main.c.obj
 .comment       0x0000000000000033       0x34 CMakeFiles/Position_PID.elf.dir/Core/Src/stm32f4xx_hal_msp.c.obj
 .comment       0x0000000000000033       0x34 CMakeFiles/Position_PID.elf.dir/Core/Src/stm32f4xx_it.c.obj
 .comment       0x0000000000000033       0x34 CMakeFiles/Position_PID.elf.dir/Core/Src/syscalls.c.obj
 .comment       0x0000000000000033       0x34 CMakeFiles/Position_PID.elf.dir/Core/Src/sysmem.c.obj
 .comment       0x0000000000000033       0x34 CMakeFiles/Position_PID.elf.dir/Core/Src/system_stm32f4xx.c.obj
 .comment       0x0000000000000033       0x34 CMakeFiles/Position_PID.elf.dir/Core/Src/tim.c.obj
 .comment       0x0000000000000033       0x34 CMakeFiles/Position_PID.elf.dir/Core/Src/usart.c.obj
 .comment       0x0000000000000033       0x34 CMakeFiles/Position_PID.elf.dir/Drivers/STM32F4xx_HAL_Driver/Src/stm32f4xx_hal.c.obj
 .comment       0x0000000000000033       0x34 CMakeFiles/Position_PID.elf.dir/Drivers/STM32F4xx_HAL_Driver/Src/stm32f4xx_hal_cortex.c.obj
 .comment       0x0000000000000033       0x34 CMakeFiles/Position_PID.elf.dir/Drivers/STM32F4xx_HAL_Driver/Src/stm32f4xx_hal_gpio.c.obj
 .comment       0x0000000000000033       0x34 CMakeFiles/Position_PID.elf.dir/Drivers/STM32F4xx_HAL_Driver/Src/stm32f4xx_hal_rcc.c.obj
 .comment       0x0000000000000033       0x34 CMakeFiles/Position_PID.elf.dir/Drivers/STM32F4xx_HAL_Driver/Src/stm32f4xx_hal_tim.c.obj
 .comment       0x0000000000000033       0x34 CMakeFiles/Position_PID.elf.dir/Drivers/STM32F4xx_HAL_Driver/Src/stm32f4xx_hal_tim_ex.c.obj
 .comment       0x0000000000000033       0x34 CMakeFiles/Position_PID.elf.dir/Drivers/STM32F4xx_HAL_Driver/Src/stm32f4xx_hal_uart.c.obj
 .comment       0x0000000000000033       0x34 /usr/lib/gcc/arm-none-eabi/10.3.1/thumb/v7e-m/nofp/libgcc.a(_udivmoddi4.o)
 .comment       0x0000000000000033       0x34 /usr/lib/gcc/arm-none-eabi/10.3.1/../../../arm-none-eabi/lib/thumb/v7e-m/nofp/libg.a(lib_a-atexit.o)
 .comment       0x0000000000000033       0x34 /usr/lib/gcc/arm-none-eabi/10.3.1/../../../arm-none-eabi/lib/thumb/v7e-m/nofp/libg.a(lib_a-errno.o)
 .comment       0x0000000000000033       0x34 /usr/lib/gcc/arm-none-eabi/10.3.1/../../../arm-none-eabi/lib/thumb/v7e-m/nofp/libg.a(lib_a-fini.o)
 .comment       0x0000000000000033       0x34 /usr/lib/gcc/arm-none-eabi/10.3.1/../../../arm-none-eabi/lib/thumb/v7e-m/nofp/libg.a(lib_a-impure.o)
 .comment       0x0000000000000033       0x34 /usr/lib/gcc/arm-none-eabi/10.3.1/../../../arm-none-eabi/lib/thumb/v7e-m/nofp/libg.a(lib_a-init.o)
 .comment       0x0000000000000033       0x34 /usr/lib/gcc/arm-none-eabi/10.3.1/../../../arm-none-eabi/lib/thumb/v7e-m/nofp/libg.a(lib_a-memset.o)
 .comment       0x0000000000000033       0x34 /usr/lib/gcc/arm-none-eabi/10.3.1/../../../arm-none-eabi/lib/thumb/v7e-m/nofp/libg.a(lib_a-printf.o)
 .comment       0x0000000000000033       0x34 /usr/lib/gcc/arm-none-eabi/10.3.1/../../../arm-none-eabi/lib/thumb/v7e-m/nofp/libg.a(lib_a-vfprintf.o)
 .comment       0x0000000000000033       0x34 /usr/lib/gcc/arm-none-eabi/10.3.1/../../../arm-none-eabi/lib/thumb/v7e-m/nofp/libg.a(lib_a-wsetup.o)
 .comment       0x0000000000000033       0x34 /usr/lib/gcc/arm-none-eabi/10.3.1/../../../arm-none-eabi/lib/thumb/v7e-m/nofp/libg.a(lib_a-__atexit.o)
 .comment       0x0000000000000033       0x34 /usr/lib/gcc/arm-none-eabi/10.3.1/../../../arm-none-eabi/lib/thumb/v7e-m/nofp/libg.a(lib_a-__call_atexit.o)
 .comment       0x0000000000000033       0x34 /usr/lib/gcc/arm-none-eabi/10.3.1/../../../arm-none-eabi/lib/thumb/v7e-m/nofp/libg.a(lib_a-dtoa.o)
 .comment       0x0000000000000033       0x34 /usr/lib/gcc/arm-none-eabi/10.3.1/../../../arm-none-eabi/lib/thumb/v7e-m/nofp/libg.a(lib_a-fflush.o)
 .comment       0x0000000000000033       0x34 /usr/lib/gcc/arm-none-eabi/10.3.1/../../../arm-none-eabi/lib/thumb/v7e-m/nofp/libg.a(lib_a-findfp.o)
 .comment       0x0000000000000033       0x34 /usr/lib/gcc/arm-none-eabi/10.3.1/../../../arm-none-eabi/lib/thumb/v7e-m/nofp/libg.a(lib_a-freer.o)
 .comment       0x0000000000000033       0x34 /usr/lib/gcc/arm-none-eabi/10.3.1/../../../arm-none-eabi/lib/thumb/v7e-m/nofp/libg.a(lib_a-fwalk.o)
 .comment       0x0000000000000033       0x34 /usr/lib/gcc/arm-none-eabi/10.3.1/../../../arm-none-eabi/lib/thumb/v7e-m/nofp/libg.a(lib_a-localeconv.o)
 .comment       0x0000000000000033       0x34 /usr/lib/gcc/arm-none-eabi/10.3.1/../../../arm-none-eabi/lib/thumb/v7e-m/nofp/libg.a(lib_a-makebuf.o)
 .comment       0x0000000000000033       0x34 /usr/lib/gcc/arm-none-eabi/10.3.1/../../../arm-none-eabi/lib/thumb/v7e-m/nofp/libg.a(lib_a-mallocr.o)
 .comment       0x0000000000000033       0x34 /usr/lib/gcc/arm-none-eabi/10.3.1/../../../arm-none-eabi/lib/thumb/v7e-m/nofp/libg.a(lib_a-mlock.o)
 .comment       0x0000000000000033       0x34 /usr/lib/gcc/arm-none-eabi/10.3.1/../../../arm-none-eabi/lib/thumb/v7e-m/nofp/libg.a(lib_a-mprec.o)
 .comment       0x0000000000000033       0x34 /usr/lib/gcc/arm-none-eabi/10.3.1/../../../arm-none-eabi/lib/thumb/v7e-m/nofp/libg.a(lib_a-sbrkr.o)
 .comment       0x0000000000000033       0x34 /usr/lib/gcc/arm-none-eabi/10.3.1/../../../arm-none-eabi/lib/thumb/v7e-m/nofp/libg.a(lib_a-stdio.o)
 .comment       0x0000000000000033       0x34 /usr/lib/gcc/arm-none-eabi/10.3.1/../../../arm-none-eabi/lib/thumb/v7e-m/nofp/libg.a(lib_a-vfiprintf.o)
 .comment       0x0000000000000033       0x34 /usr/lib/gcc/arm-none-eabi/10.3.1/../../../arm-none-eabi/lib/thumb/v7e-m/nofp/libg.a(lib_a-writer.o)
 .comment       0x0000000000000033       0x34 /usr/lib/gcc/arm-none-eabi/10.3.1/../../../arm-none-eabi/lib/thumb/v7e-m/nofp/libg.a(lib_a-assert.o)
 .comment       0x0000000000000033       0x34 /usr/lib/gcc/arm-none-eabi/10.3.1/../../../arm-none-eabi/lib/thumb/v7e-m/nofp/libg.a(lib_a-callocr.o)
 .comment       0x0000000000000033       0x34 /usr/lib/gcc/arm-none-eabi/10.3.1/../../../arm-none-eabi/lib/thumb/v7e-m/nofp/libg.a(lib_a-closer.o)
 .comment       0x0000000000000033       0x34 /usr/lib/gcc/arm-none-eabi/10.3.1/../../../arm-none-eabi/lib/thumb/v7e-m/nofp/libg.a(lib_a-fclose.o)
 .comment       0x0000000000000033       0x34 /usr/lib/gcc/arm-none-eabi/10.3.1/../../../arm-none-eabi/lib/thumb/v7e-m/nofp/libg.a(lib_a-fiprintf.o)
 .comment       0x0000000000000033       0x34 /usr/lib/gcc/arm-none-eabi/10.3.1/../../../arm-none-eabi/lib/thumb/v7e-m/nofp/libg.a(lib_a-fputwc.o)
 .comment       0x0000000000000033       0x34 /usr/lib/gcc/arm-none-eabi/10.3.1/../../../arm-none-eabi/lib/thumb/v7e-m/nofp/libg.a(lib_a-fstatr.o)
 .comment       0x0000000000000033       0x34 /usr/lib/gcc/arm-none-eabi/10.3.1/../../../arm-none-eabi/lib/thumb/v7e-m/nofp/libg.a(lib_a-fvwrite.o)
 .comment       0x0000000000000033       0x34 /usr/lib/gcc/arm-none-eabi/10.3.1/../../../arm-none-eabi/lib/thumb/v7e-m/nofp/libg.a(lib_a-isattyr.o)
 .comment       0x0000000000000033       0x34 /usr/lib/gcc/arm-none-eabi/10.3.1/../../../arm-none-eabi/lib/thumb/v7e-m/nofp/libg.a(lib_a-locale.o)
 .comment       0x0000000000000033       0x34 /usr/lib/gcc/arm-none-eabi/10.3.1/../../../arm-none-eabi/lib/thumb/v7e-m/nofp/libg.a(lib_a-lseekr.o)
 .comment       0x0000000000000033       0x34 /usr/lib/gcc/arm-none-eabi/10.3.1/../../../arm-none-eabi/lib/thumb/v7e-m/nofp/libg.a(lib_a-mbtowc_r.o)
 .comment       0x0000000000000033       0x34 /usr/lib/gcc/arm-none-eabi/10.3.1/../../../arm-none-eabi/lib/thumb/v7e-m/nofp/libg.a(lib_a-memmove.o)
 .comment       0x0000000000000033       0x34 /usr/lib/gcc/arm-none-eabi/10.3.1/../../../arm-none-eabi/lib/thumb/v7e-m/nofp/libg.a(lib_a-readr.o)
 .comment       0x0000000000000033       0x34 /usr/lib/gcc/arm-none-eabi/10.3.1/../../../arm-none-eabi/lib/thumb/v7e-m/nofp/libg.a(lib_a-reallocr.o)
 .comment       0x0000000000000033       0x34 /usr/lib/gcc/arm-none-eabi/10.3.1/../../../arm-none-eabi/lib/thumb/v7e-m/nofp/libg.a(lib_a-reent.o)
 .comment       0x0000000000000033       0x34 /usr/lib/gcc/arm-none-eabi/10.3.1/../../../arm-none-eabi/lib/thumb/v7e-m/nofp/libg.a(lib_a-wbuf.o)
 .comment       0x0000000000000033       0x34 /usr/lib/gcc/arm-none-eabi/10.3.1/../../../arm-none-eabi/lib/thumb/v7e-m/nofp/libg.a(lib_a-wcrtomb.o)
 .comment       0x0000000000000033       0x34 /usr/lib/gcc/arm-none-eabi/10.3.1/../../../arm-none-eabi/lib/thumb/v7e-m/nofp/libg.a(lib_a-wctomb_r.o)
 .comment       0x0000000000000033       0x34 /usr/lib/gcc/arm-none-eabi/10.3.1/../../../arm-none-eabi/lib/thumb/v7e-m/nofp/libg.a(lib_a-abort.o)
 .comment       0x0000000000000033       0x34 /usr/lib/gcc/arm-none-eabi/10.3.1/../../../arm-none-eabi/lib/thumb/v7e-m/nofp/libg.a(lib_a-ctype_.o)
 .comment       0x0000000000000033       0x34 /usr/lib/gcc/arm-none-eabi/10.3.1/../../../arm-none-eabi/lib/thumb/v7e-m/nofp/libg.a(lib_a-signal.o)
 .comment       0x0000000000000033       0x34 /usr/lib/gcc/arm-none-eabi/10.3.1/../../../arm-none-eabi/lib/thumb/v7e-m/nofp/libg.a(lib_a-signalr.o)
 .comment       0x0000000000000033       0x34 /usr/lib/gcc/arm-none-eabi/10.3.1/thumb/v7e-m/nofp/crtend.o

.debug_info     0x0000000000000000    0x32f8b
 .debug_info    0x0000000000000000      0x693 CMakeFiles/Position_PID.elf.dir/Core/Src/gpio.c.obj
 .debug_info    0x0000000000000693     0x159c CMakeFiles/Position_PID.elf.dir/Core/Src/main.c.obj
 .debug_info    0x0000000000001c2f      0x2c4 CMakeFiles/Position_PID.elf.dir/Core/Src/stm32f4xx_hal_msp.c.obj
 .debug_info    0x0000000000001ef3      0x193 CMakeFiles/Position_PID.elf.dir/Core/Src/stm32f4xx_it.c.obj
 .debug_info    0x0000000000002086      0x7af CMakeFiles/Position_PID.elf.dir/Core/Src/syscalls.c.obj
 .debug_info    0x0000000000002835      0x15c CMakeFiles/Position_PID.elf.dir/Core/Src/sysmem.c.obj
 .debug_info    0x0000000000002991      0x391 CMakeFiles/Position_PID.elf.dir/Core/Src/system_stm32f4xx.c.obj
 .debug_info    0x0000000000002d22      0xde2 CMakeFiles/Position_PID.elf.dir/Core/Src/tim.c.obj
 .debug_info    0x0000000000003b04      0xa34 CMakeFiles/Position_PID.elf.dir/Core/Src/usart.c.obj
 .debug_info    0x0000000000004538       0x22 CMakeFiles/Position_PID.elf.dir/Core/Startup/startup_stm32f401ccux.s.obj
 .debug_info    0x000000000000455a      0x96e CMakeFiles/Position_PID.elf.dir/Drivers/STM32F4xx_HAL_Driver/Src/stm32f4xx_hal.c.obj
 .debug_info    0x0000000000004ec8      0xfde CMakeFiles/Position_PID.elf.dir/Drivers/STM32F4xx_HAL_Driver/Src/stm32f4xx_hal_cortex.c.obj
 .debug_info    0x0000000000005ea6      0x7b0 CMakeFiles/Position_PID.elf.dir/Drivers/STM32F4xx_HAL_Driver/Src/stm32f4xx_hal_gpio.c.obj
 .debug_info    0x0000000000006656      0xaf9 CMakeFiles/Position_PID.elf.dir/Drivers/STM32F4xx_HAL_Driver/Src/stm32f4xx_hal_rcc.c.obj
 .debug_info    0x000000000000714f     0x3d3b CMakeFiles/Position_PID.elf.dir/Drivers/STM32F4xx_HAL_Driver/Src/stm32f4xx_hal_tim.c.obj
 .debug_info    0x000000000000ae8a     0x1abe CMakeFiles/Position_PID.elf.dir/Drivers/STM32F4xx_HAL_Driver/Src/stm32f4xx_hal_tim_ex.c.obj
 .debug_info    0x000000000000c948     0x4216 CMakeFiles/Position_PID.elf.dir/Drivers/STM32F4xx_HAL_Driver/Src/stm32f4xx_hal_uart.c.obj
 .debug_info    0x0000000000010b5e       0x26 /usr/lib/gcc/arm-none-eabi/10.3.1/thumb/v7e-m/nofp/libgcc.a(_arm_addsubdf3.o)
 .debug_info    0x0000000000010b84       0x26 /usr/lib/gcc/arm-none-eabi/10.3.1/thumb/v7e-m/nofp/libgcc.a(_arm_muldivdf3.o)
 .debug_info    0x0000000000010baa       0x26 /usr/lib/gcc/arm-none-eabi/10.3.1/thumb/v7e-m/nofp/libgcc.a(_arm_cmpdf2.o)
 .debug_info    0x0000000000010bd0       0x26 /usr/lib/gcc/arm-none-eabi/10.3.1/thumb/v7e-m/nofp/libgcc.a(_arm_fixdfsi.o)
 .debug_info    0x0000000000010bf6       0x26 /usr/lib/gcc/arm-none-eabi/10.3.1/thumb/v7e-m/nofp/libgcc.a(_arm_fixunsdfsi.o)
 .debug_info    0x0000000000010c1c       0x26 /usr/lib/gcc/arm-none-eabi/10.3.1/thumb/v7e-m/nofp/libgcc.a(_aeabi_uldivmod.o)
 .debug_info    0x0000000000010c42      0x717 /usr/lib/gcc/arm-none-eabi/10.3.1/thumb/v7e-m/nofp/libgcc.a(_udivmoddi4.o)
 .debug_info    0x0000000000011359       0x26 /usr/lib/gcc/arm-none-eabi/10.3.1/thumb/v7e-m/nofp/libgcc.a(_dvmd_tls.o)
 .debug_info    0x000000000001137f      0x100 /usr/lib/gcc/arm-none-eabi/10.3.1/../../../arm-none-eabi/lib/thumb/v7e-m/nofp/libg.a(lib_a-atexit.o)
 .debug_info    0x000000000001147f      0x914 /usr/lib/gcc/arm-none-eabi/10.3.1/../../../arm-none-eabi/lib/thumb/v7e-m/nofp/libg.a(lib_a-errno.o)
 .debug_info    0x0000000000011d93      0x102 /usr/lib/gcc/arm-none-eabi/10.3.1/../../../arm-none-eabi/lib/thumb/v7e-m/nofp/libg.a(lib_a-fini.o)
 .debug_info    0x0000000000011e95      0x92a /usr/lib/gcc/arm-none-eabi/10.3.1/../../../arm-none-eabi/lib/thumb/v7e-m/nofp/libg.a(lib_a-impure.o)
 .debug_info    0x00000000000127bf      0x11a /usr/lib/gcc/arm-none-eabi/10.3.1/../../../arm-none-eabi/lib/thumb/v7e-m/nofp/libg.a(lib_a-init.o)
 .debug_info    0x00000000000128d9      0x137 /usr/lib/gcc/arm-none-eabi/10.3.1/../../../arm-none-eabi/lib/thumb/v7e-m/nofp/libg.a(lib_a-memset.o)
 .debug_info    0x0000000000012a10      0xa31 /usr/lib/gcc/arm-none-eabi/10.3.1/../../../arm-none-eabi/lib/thumb/v7e-m/nofp/libg.a(lib_a-printf.o)
 .debug_info    0x0000000000013441     0x1b17 /usr/lib/gcc/arm-none-eabi/10.3.1/../../../arm-none-eabi/lib/thumb/v7e-m/nofp/libg.a(lib_a-vfprintf.o)
 .debug_info    0x0000000000014f58      0x9c2 /usr/lib/gcc/arm-none-eabi/10.3.1/../../../arm-none-eabi/lib/thumb/v7e-m/nofp/libg.a(lib_a-wsetup.o)
 .debug_info    0x000000000001591a      0x9b0 /usr/lib/gcc/arm-none-eabi/10.3.1/../../../arm-none-eabi/lib/thumb/v7e-m/nofp/libg.a(lib_a-__atexit.o)
 .debug_info    0x00000000000162ca      0xa3d /usr/lib/gcc/arm-none-eabi/10.3.1/../../../arm-none-eabi/lib/thumb/v7e-m/nofp/libg.a(lib_a-__call_atexit.o)
 .debug_info    0x0000000000016d07     0x1a58 /usr/lib/gcc/arm-none-eabi/10.3.1/../../../arm-none-eabi/lib/thumb/v7e-m/nofp/libg.a(lib_a-dtoa.o)
 .debug_info    0x000000000001875f      0xbe0 /usr/lib/gcc/arm-none-eabi/10.3.1/../../../arm-none-eabi/lib/thumb/v7e-m/nofp/libg.a(lib_a-fflush.o)
 .debug_info    0x000000000001933f      0xf66 /usr/lib/gcc/arm-none-eabi/10.3.1/../../../arm-none-eabi/lib/thumb/v7e-m/nofp/libg.a(lib_a-findfp.o)
 .debug_info    0x000000000001a2a5      0xd10 /usr/lib/gcc/arm-none-eabi/10.3.1/../../../arm-none-eabi/lib/thumb/v7e-m/nofp/libg.a(lib_a-freer.o)
 .debug_info    0x000000000001afb5      0xa66 /usr/lib/gcc/arm-none-eabi/10.3.1/../../../arm-none-eabi/lib/thumb/v7e-m/nofp/libg.a(lib_a-fwalk.o)
 .debug_info    0x000000000001ba1b      0xc3e /usr/lib/gcc/arm-none-eabi/10.3.1/../../../arm-none-eabi/lib/thumb/v7e-m/nofp/libg.a(lib_a-localeconv.o)
 .debug_info    0x000000000001c659      0xdf2 /usr/lib/gcc/arm-none-eabi/10.3.1/../../../arm-none-eabi/lib/thumb/v7e-m/nofp/libg.a(lib_a-makebuf.o)
 .debug_info    0x000000000001d44b      0xe95 /usr/lib/gcc/arm-none-eabi/10.3.1/../../../arm-none-eabi/lib/thumb/v7e-m/nofp/libg.a(lib_a-mallocr.o)
 .debug_info    0x000000000001e2e0       0x26 /usr/lib/gcc/arm-none-eabi/10.3.1/../../../arm-none-eabi/lib/thumb/v7e-m/nofp/libg.a(lib_a-memchr.o)
 .debug_info    0x000000000001e306       0x26 /usr/lib/gcc/arm-none-eabi/10.3.1/../../../arm-none-eabi/lib/thumb/v7e-m/nofp/libg.a(lib_a-memcpy.o)
 .debug_info    0x000000000001e32c      0x942 /usr/lib/gcc/arm-none-eabi/10.3.1/../../../arm-none-eabi/lib/thumb/v7e-m/nofp/libg.a(lib_a-mlock.o)
 .debug_info    0x000000000001ec6e     0x20ca /usr/lib/gcc/arm-none-eabi/10.3.1/../../../arm-none-eabi/lib/thumb/v7e-m/nofp/libg.a(lib_a-mprec.o)
 .debug_info    0x0000000000020d38      0x98e /usr/lib/gcc/arm-none-eabi/10.3.1/../../../arm-none-eabi/lib/thumb/v7e-m/nofp/libg.a(lib_a-sbrkr.o)
 .debug_info    0x00000000000216c6      0xc22 /usr/lib/gcc/arm-none-eabi/10.3.1/../../../arm-none-eabi/lib/thumb/v7e-m/nofp/libg.a(lib_a-stdio.o)
 .debug_info    0x00000000000222e8       0x26 /usr/lib/gcc/arm-none-eabi/10.3.1/../../../arm-none-eabi/lib/thumb/v7e-m/nofp/libg.a(lib_a-strlen.o)
 .debug_info    0x000000000002230e     0x1926 /usr/lib/gcc/arm-none-eabi/10.3.1/../../../arm-none-eabi/lib/thumb/v7e-m/nofp/libg.a(lib_a-vfiprintf.o)
 .debug_info    0x0000000000023c34      0x9c0 /usr/lib/gcc/arm-none-eabi/10.3.1/../../../arm-none-eabi/lib/thumb/v7e-m/nofp/libg.a(lib_a-writer.o)
 .debug_info    0x00000000000245f4      0xa23 /usr/lib/gcc/arm-none-eabi/10.3.1/../../../arm-none-eabi/lib/thumb/v7e-m/nofp/libg.a(lib_a-assert.o)
 .debug_info    0x0000000000025017      0xa81 /usr/lib/gcc/arm-none-eabi/10.3.1/../../../arm-none-eabi/lib/thumb/v7e-m/nofp/libg.a(lib_a-callocr.o)
 .debug_info    0x0000000000025a98      0x96b /usr/lib/gcc/arm-none-eabi/10.3.1/../../../arm-none-eabi/lib/thumb/v7e-m/nofp/libg.a(lib_a-closer.o)
 .debug_info    0x0000000000026403      0xb4a /usr/lib/gcc/arm-none-eabi/10.3.1/../../../arm-none-eabi/lib/thumb/v7e-m/nofp/libg.a(lib_a-fclose.o)
 .debug_info    0x0000000000026f4d      0xa5f /usr/lib/gcc/arm-none-eabi/10.3.1/../../../arm-none-eabi/lib/thumb/v7e-m/nofp/libg.a(lib_a-fiprintf.o)
 .debug_info    0x00000000000279ac      0xc19 /usr/lib/gcc/arm-none-eabi/10.3.1/../../../arm-none-eabi/lib/thumb/v7e-m/nofp/libg.a(lib_a-fputwc.o)
 .debug_info    0x00000000000285c5      0xb83 /usr/lib/gcc/arm-none-eabi/10.3.1/../../../arm-none-eabi/lib/thumb/v7e-m/nofp/libg.a(lib_a-fstatr.o)
 .debug_info    0x0000000000029148      0xcbb /usr/lib/gcc/arm-none-eabi/10.3.1/../../../arm-none-eabi/lib/thumb/v7e-m/nofp/libg.a(lib_a-fvwrite.o)
 .debug_info    0x0000000000029e03      0x96b /usr/lib/gcc/arm-none-eabi/10.3.1/../../../arm-none-eabi/lib/thumb/v7e-m/nofp/libg.a(lib_a-isattyr.o)
 .debug_info    0x000000000002a76e      0xe0a /usr/lib/gcc/arm-none-eabi/10.3.1/../../../arm-none-eabi/lib/thumb/v7e-m/nofp/libg.a(lib_a-locale.o)
 .debug_info    0x000000000002b578      0x9a1 /usr/lib/gcc/arm-none-eabi/10.3.1/../../../arm-none-eabi/lib/thumb/v7e-m/nofp/libg.a(lib_a-lseekr.o)
 .debug_info    0x000000000002bf19      0xccd /usr/lib/gcc/arm-none-eabi/10.3.1/../../../arm-none-eabi/lib/thumb/v7e-m/nofp/libg.a(lib_a-mbtowc_r.o)
 .debug_info    0x000000000002cbe6      0x152 /usr/lib/gcc/arm-none-eabi/10.3.1/../../../arm-none-eabi/lib/thumb/v7e-m/nofp/libg.a(lib_a-memmove.o)
 .debug_info    0x000000000002cd38      0x9b9 /usr/lib/gcc/arm-none-eabi/10.3.1/../../../arm-none-eabi/lib/thumb/v7e-m/nofp/libg.a(lib_a-readr.o)
 .debug_info    0x000000000002d6f1      0xdb4 /usr/lib/gcc/arm-none-eabi/10.3.1/../../../arm-none-eabi/lib/thumb/v7e-m/nofp/libg.a(lib_a-reallocr.o)
 .debug_info    0x000000000002e4a5      0xbda /usr/lib/gcc/arm-none-eabi/10.3.1/../../../arm-none-eabi/lib/thumb/v7e-m/nofp/libg.a(lib_a-reent.o)
 .debug_info    0x000000000002f07f       0x26 /usr/lib/gcc/arm-none-eabi/10.3.1/../../../arm-none-eabi/lib/thumb/v7e-m/nofp/libg.a(lib_a-strcmp.o)
 .debug_info    0x000000000002f0a5      0xa5f /usr/lib/gcc/arm-none-eabi/10.3.1/../../../arm-none-eabi/lib/thumb/v7e-m/nofp/libg.a(lib_a-wbuf.o)
 .debug_info    0x000000000002fb04      0xd4f /usr/lib/gcc/arm-none-eabi/10.3.1/../../../arm-none-eabi/lib/thumb/v7e-m/nofp/libg.a(lib_a-wcrtomb.o)
 .debug_info    0x0000000000030853      0xc86 /usr/lib/gcc/arm-none-eabi/10.3.1/../../../arm-none-eabi/lib/thumb/v7e-m/nofp/libg.a(lib_a-wctomb_r.o)
 .debug_info    0x00000000000314d9       0xcb /usr/lib/gcc/arm-none-eabi/10.3.1/../../../arm-none-eabi/lib/thumb/v7e-m/nofp/libg.a(lib_a-abort.o)
 .debug_info    0x00000000000315a4       0xb8 /usr/lib/gcc/arm-none-eabi/10.3.1/../../../arm-none-eabi/lib/thumb/v7e-m/nofp/libg.a(lib_a-ctype_.o)
 .debug_info    0x000000000003165c      0xf32 /usr/lib/gcc/arm-none-eabi/10.3.1/../../../arm-none-eabi/lib/thumb/v7e-m/nofp/libg.a(lib_a-signal.o)
 .debug_info    0x000000000003258e      0x9d7 /usr/lib/gcc/arm-none-eabi/10.3.1/../../../arm-none-eabi/lib/thumb/v7e-m/nofp/libg.a(lib_a-signalr.o)
 .debug_info    0x0000000000032f65       0x26 /usr/lib/gcc/arm-none-eabi/10.3.1/thumb/v7e-m/nofp/libgcc.a(_arm_unorddf2.o)

.debug_abbrev   0x0000000000000000     0x91b0
 .debug_abbrev  0x0000000000000000      0x16a CMakeFiles/Position_PID.elf.dir/Core/Src/gpio.c.obj
 .debug_abbrev  0x000000000000016a      0x2e6 CMakeFiles/Position_PID.elf.dir/Core/Src/main.c.obj
 .debug_abbrev  0x0000000000000450       0xd1 CMakeFiles/Position_PID.elf.dir/Core/Src/stm32f4xx_hal_msp.c.obj
 .debug_abbrev  0x0000000000000521       0xa4 CMakeFiles/Position_PID.elf.dir/Core/Src/stm32f4xx_it.c.obj
 .debug_abbrev  0x00000000000005c5      0x1a3 CMakeFiles/Position_PID.elf.dir/Core/Src/syscalls.c.obj
 .debug_abbrev  0x0000000000000768       0xe7 CMakeFiles/Position_PID.elf.dir/Core/Src/sysmem.c.obj
 .debug_abbrev  0x000000000000084f      0x119 CMakeFiles/Position_PID.elf.dir/Core/Src/system_stm32f4xx.c.obj
 .debug_abbrev  0x0000000000000968      0x211 CMakeFiles/Position_PID.elf.dir/Core/Src/tim.c.obj
 .debug_abbrev  0x0000000000000b79      0x20c CMakeFiles/Position_PID.elf.dir/Core/Src/usart.c.obj
 .debug_abbrev  0x0000000000000d85       0x12 CMakeFiles/Position_PID.elf.dir/Core/Startup/startup_stm32f401ccux.s.obj
 .debug_abbrev  0x0000000000000d97      0x237 CMakeFiles/Position_PID.elf.dir/Drivers/STM32F4xx_HAL_Driver/Src/stm32f4xx_hal.c.obj
 .debug_abbrev  0x0000000000000fce      0x36a CMakeFiles/Position_PID.elf.dir/Drivers/STM32F4xx_HAL_Driver/Src/stm32f4xx_hal_cortex.c.obj
 .debug_abbrev  0x0000000000001338      0x1ef CMakeFiles/Position_PID.elf.dir/Drivers/STM32F4xx_HAL_Driver/Src/stm32f4xx_hal_gpio.c.obj
 .debug_abbrev  0x0000000000001527      0x28a CMakeFiles/Position_PID.elf.dir/Drivers/STM32F4xx_HAL_Driver/Src/stm32f4xx_hal_rcc.c.obj
 .debug_abbrev  0x00000000000017b1      0x23c CMakeFiles/Position_PID.elf.dir/Drivers/STM32F4xx_HAL_Driver/Src/stm32f4xx_hal_tim.c.obj
 .debug_abbrev  0x00000000000019ed      0x252 CMakeFiles/Position_PID.elf.dir/Drivers/STM32F4xx_HAL_Driver/Src/stm32f4xx_hal_tim_ex.c.obj
 .debug_abbrev  0x0000000000001c3f      0x30e CMakeFiles/Position_PID.elf.dir/Drivers/STM32F4xx_HAL_Driver/Src/stm32f4xx_hal_uart.c.obj
 .debug_abbrev  0x0000000000001f4d       0x14 /usr/lib/gcc/arm-none-eabi/10.3.1/thumb/v7e-m/nofp/libgcc.a(_arm_addsubdf3.o)
 .debug_abbrev  0x0000000000001f61       0x14 /usr/lib/gcc/arm-none-eabi/10.3.1/thumb/v7e-m/nofp/libgcc.a(_arm_muldivdf3.o)
 .debug_abbrev  0x0000000000001f75       0x14 /usr/lib/gcc/arm-none-eabi/10.3.1/thumb/v7e-m/nofp/libgcc.a(_arm_cmpdf2.o)
 .debug_abbrev  0x0000000000001f89       0x14 /usr/lib/gcc/arm-none-eabi/10.3.1/thumb/v7e-m/nofp/libgcc.a(_arm_fixdfsi.o)
 .debug_abbrev  0x0000000000001f9d       0x14 /usr/lib/gcc/arm-none-eabi/10.3.1/thumb/v7e-m/nofp/libgcc.a(_arm_fixunsdfsi.o)
 .debug_abbrev  0x0000000000001fb1       0x14 /usr/lib/gcc/arm-none-eabi/10.3.1/thumb/v7e-m/nofp/libgcc.a(_aeabi_uldivmod.o)
 .debug_abbrev  0x0000000000001fc5      0x163 /usr/lib/gcc/arm-none-eabi/10.3.1/thumb/v7e-m/nofp/libgcc.a(_udivmoddi4.o)
 .debug_abbrev  0x0000000000002128       0x14 /usr/lib/gcc/arm-none-eabi/10.3.1/thumb/v7e-m/nofp/libgcc.a(_dvmd_tls.o)
 .debug_abbrev  0x000000000000213c       0xb7 /usr/lib/gcc/arm-none-eabi/10.3.1/../../../arm-none-eabi/lib/thumb/v7e-m/nofp/libg.a(lib_a-atexit.o)
 .debug_abbrev  0x00000000000021f3      0x1be /usr/lib/gcc/arm-none-eabi/10.3.1/../../../arm-none-eabi/lib/thumb/v7e-m/nofp/libg.a(lib_a-errno.o)
 .debug_abbrev  0x00000000000023b1       0xcf /usr/lib/gcc/arm-none-eabi/10.3.1/../../../arm-none-eabi/lib/thumb/v7e-m/nofp/libg.a(lib_a-fini.o)
 .debug_abbrev  0x0000000000002480      0x1b8 /usr/lib/gcc/arm-none-eabi/10.3.1/../../../arm-none-eabi/lib/thumb/v7e-m/nofp/libg.a(lib_a-impure.o)
 .debug_abbrev  0x0000000000002638       0xcc /usr/lib/gcc/arm-none-eabi/10.3.1/../../../arm-none-eabi/lib/thumb/v7e-m/nofp/libg.a(lib_a-init.o)
 .debug_abbrev  0x0000000000002704       0xb4 /usr/lib/gcc/arm-none-eabi/10.3.1/../../../arm-none-eabi/lib/thumb/v7e-m/nofp/libg.a(lib_a-memset.o)
 .debug_abbrev  0x00000000000027b8      0x27a /usr/lib/gcc/arm-none-eabi/10.3.1/../../../arm-none-eabi/lib/thumb/v7e-m/nofp/libg.a(lib_a-printf.o)
 .debug_abbrev  0x0000000000002a32      0x44f /usr/lib/gcc/arm-none-eabi/10.3.1/../../../arm-none-eabi/lib/thumb/v7e-m/nofp/libg.a(lib_a-vfprintf.o)
 .debug_abbrev  0x0000000000002e81      0x246 /usr/lib/gcc/arm-none-eabi/10.3.1/../../../arm-none-eabi/lib/thumb/v7e-m/nofp/libg.a(lib_a-wsetup.o)